Component: ARM Compiler 5.06 update 1 (build 61) Tool: armlink [4d35a8]

==============================================================================

Section Cross References

    main.o(i.main) refers to misc.o(i.NVIC_PriorityGroupConfig) for NVIC_PriorityGroupConfig
    main.o(i.main) refers to systick_interupt_light_led.o(i.LED_Init) for LED_Init
    main.o(i.main) refers to systick_interupt_light_led.o(i.SYSTICK_Init) for SYSTICK_Init
    main.o(i.main) refers to rs232.o(i.USART1_Init) for USART1_Init
    main.o(i.main) refers to hal_bdcmotorcontrol.o(i.TIM2_CH2_3_Init) for TIM2_CH2_3_Init
    main.o(i.main) refers to hal_encoder.o(i.TIM3_CH1_2_Init) for TIM3_CH1_2_Init
    main.o(i.main) refers to app_speedcontrol.o(i.PID_Parameters_Init) for PID_Parameters_Init
    main.o(i.main) refers to app_speedcontrol.o(.constdata) for pid
    startup_stm32f10x_md.o(RESET) refers to startup_stm32f10x_md.o(STACK) for __initial_sp
    startup_stm32f10x_md.o(RESET) refers to startup_stm32f10x_md.o(.text) for Reset_Handler
    startup_stm32f10x_md.o(RESET) refers to systick_interupt_light_led.o(i.SysTick_Handler) for SysTick_Handler
    startup_stm32f10x_md.o(RESET) refers to hal_encoder.o(i.TIM3_IRQHandler) for TIM3_IRQHandler
    startup_stm32f10x_md.o(RESET) refers to rs232.o(i.USART1_IRQHandler) for USART1_IRQHandler
    startup_stm32f10x_md.o(.text) refers to system_stm32f10x.o(i.SystemInit) for SystemInit
    startup_stm32f10x_md.o(.text) refers to entry.o(.ARM.Collect$$$$00000000) for __main
    system_stm32f10x.o(i.SetSysClock) refers to system_stm32f10x.o(i.SetSysClockTo72) for SetSysClockTo72
    system_stm32f10x.o(i.SystemCoreClockUpdate) refers to system_stm32f10x.o(.data) for SystemCoreClock
    system_stm32f10x.o(i.SystemInit) refers to system_stm32f10x.o(i.SetSysClock) for SetSysClock
    stm32f10x_gpio.o(i.GPIO_AFIODeInit) refers to stm32f10x_rcc.o(i.RCC_APB2PeriphResetCmd) for RCC_APB2PeriphResetCmd
    stm32f10x_gpio.o(i.GPIO_DeInit) refers to stm32f10x_rcc.o(i.RCC_APB2PeriphResetCmd) for RCC_APB2PeriphResetCmd
    stm32f10x_rcc.o(i.RCC_GetClocksFreq) refers to stm32f10x_rcc.o(.data) for APBAHBPrescTable
    stm32f10x_rcc.o(i.RCC_WaitForHSEStartUp) refers to stm32f10x_rcc.o(i.RCC_GetFlagStatus) for RCC_GetFlagStatus
    stm32f10x_usart.o(i.USART_DeInit) refers to stm32f10x_rcc.o(i.RCC_APB2PeriphResetCmd) for RCC_APB2PeriphResetCmd
    stm32f10x_usart.o(i.USART_DeInit) refers to stm32f10x_rcc.o(i.RCC_APB1PeriphResetCmd) for RCC_APB1PeriphResetCmd
    stm32f10x_usart.o(i.USART_Init) refers to stm32f10x_rcc.o(i.RCC_GetClocksFreq) for RCC_GetClocksFreq
    stm32f10x_tim.o(i.TIM_DeInit) refers to stm32f10x_rcc.o(i.RCC_APB2PeriphResetCmd) for RCC_APB2PeriphResetCmd
    stm32f10x_tim.o(i.TIM_DeInit) refers to stm32f10x_rcc.o(i.RCC_APB1PeriphResetCmd) for RCC_APB1PeriphResetCmd
    stm32f10x_tim.o(i.TIM_ETRClockMode1Config) refers to stm32f10x_tim.o(i.TIM_ETRConfig) for TIM_ETRConfig
    stm32f10x_tim.o(i.TIM_ETRClockMode2Config) refers to stm32f10x_tim.o(i.TIM_ETRConfig) for TIM_ETRConfig
    stm32f10x_tim.o(i.TIM_ICInit) refers to stm32f10x_tim.o(i.TI1_Config) for TI1_Config
    stm32f10x_tim.o(i.TIM_ICInit) refers to stm32f10x_tim.o(i.TIM_SetIC1Prescaler) for TIM_SetIC1Prescaler
    stm32f10x_tim.o(i.TIM_ICInit) refers to stm32f10x_tim.o(i.TI2_Config) for TI2_Config
    stm32f10x_tim.o(i.TIM_ICInit) refers to stm32f10x_tim.o(i.TIM_SetIC2Prescaler) for TIM_SetIC2Prescaler
    stm32f10x_tim.o(i.TIM_ICInit) refers to stm32f10x_tim.o(i.TI3_Config) for TI3_Config
    stm32f10x_tim.o(i.TIM_ICInit) refers to stm32f10x_tim.o(i.TIM_SetIC3Prescaler) for TIM_SetIC3Prescaler
    stm32f10x_tim.o(i.TIM_ICInit) refers to stm32f10x_tim.o(i.TI4_Config) for TI4_Config
    stm32f10x_tim.o(i.TIM_ICInit) refers to stm32f10x_tim.o(i.TIM_SetIC4Prescaler) for TIM_SetIC4Prescaler
    stm32f10x_tim.o(i.TIM_ITRxExternalClockConfig) refers to stm32f10x_tim.o(i.TIM_SelectInputTrigger) for TIM_SelectInputTrigger
    stm32f10x_tim.o(i.TIM_PWMIConfig) refers to stm32f10x_tim.o(i.TI1_Config) for TI1_Config
    stm32f10x_tim.o(i.TIM_PWMIConfig) refers to stm32f10x_tim.o(i.TIM_SetIC1Prescaler) for TIM_SetIC1Prescaler
    stm32f10x_tim.o(i.TIM_PWMIConfig) refers to stm32f10x_tim.o(i.TI2_Config) for TI2_Config
    stm32f10x_tim.o(i.TIM_PWMIConfig) refers to stm32f10x_tim.o(i.TIM_SetIC2Prescaler) for TIM_SetIC2Prescaler
    stm32f10x_tim.o(i.TIM_TIxExternalClockConfig) refers to stm32f10x_tim.o(i.TI2_Config) for TI2_Config
    stm32f10x_tim.o(i.TIM_TIxExternalClockConfig) refers to stm32f10x_tim.o(i.TI1_Config) for TI1_Config
    stm32f10x_tim.o(i.TIM_TIxExternalClockConfig) refers to stm32f10x_tim.o(i.TIM_SelectInputTrigger) for TIM_SelectInputTrigger
    systick_interupt_light_led.o(i.LED_Init) refers to stm32f10x_rcc.o(i.RCC_APB2PeriphClockCmd) for RCC_APB2PeriphClockCmd
    systick_interupt_light_led.o(i.LED_Init) refers to stm32f10x_gpio.o(i.GPIO_Init) for GPIO_Init
    systick_interupt_light_led.o(i.LED_Init) refers to stm32f10x_gpio.o(i.GPIO_ResetBits) for GPIO_ResetBits
    systick_interupt_light_led.o(i.SYSTICK_Init) refers to misc.o(i.SysTick_CLKSourceConfig) for SysTick_CLKSourceConfig
    systick_interupt_light_led.o(i.SYSTICK_Init) refers to misc.o(i.NVIC_Init) for NVIC_Init
    systick_interupt_light_led.o(i.SysTick_Handler) refers to stm32f10x_gpio.o(i.GPIO_SetBits) for GPIO_SetBits
    systick_interupt_light_led.o(i.SysTick_Handler) refers to stm32f10x_gpio.o(i.GPIO_ResetBits) for GPIO_ResetBits
    systick_interupt_light_led.o(i.SysTick_Handler) refers to stm32f10x_tim.o(i.TIM_GetCounter) for TIM_GetCounter
    systick_interupt_light_led.o(i.SysTick_Handler) refers to dflti.o(.text) for __aeabi_i2d
    systick_interupt_light_led.o(i.SysTick_Handler) refers to ddiv.o(.text) for __aeabi_ddiv
    systick_interupt_light_led.o(i.SysTick_Handler) refers to dmul.o(.text) for __aeabi_dmul
    systick_interupt_light_led.o(i.SysTick_Handler) refers to app_desired_rpm.o(i.generate_RPM) for generate_RPM
    systick_interupt_light_led.o(i.SysTick_Handler) refers to app_speedcontrol.o(i.BdcSpeedControl) for BdcSpeedControl
    systick_interupt_light_led.o(i.SysTick_Handler) refers to hal_bdcmotorcontrol.o(i.enableBdcMotor) for enableBdcMotor
    systick_interupt_light_led.o(i.SysTick_Handler) refers to hal_bdcmotorcontrol.o(i.setBdcMotorFwd) for setBdcMotorFwd
    systick_interupt_light_led.o(i.SysTick_Handler) refers to hal_bdcmotorcontrol.o(i.setBdcMotorDutyCycle) for setBdcMotorDutyCycle
    systick_interupt_light_led.o(i.SysTick_Handler) refers to hal_bdcmotorcontrol.o(i.setBdcMotorRev) for setBdcMotorRev
    systick_interupt_light_led.o(i.SysTick_Handler) refers to app_speedcontrol.o(.constdata) for pid
    systick_interupt_light_led.o(i.SysTick_Handler) refers to systick_interupt_light_led.o(.data) for i
    systick_interupt_light_led.o(i.SysTick_Handler) refers to hal_encoder.o(.data) for overflow_count
    systick_interupt_light_led.o(i.SysTick_Handler) refers to rs232.o(.data) for desired_rpm
    rs232.o(i.USART1_IRQHandler) refers to stm32f10x_usart.o(i.USART_GetITStatus) for USART_GetITStatus
    rs232.o(i.USART1_IRQHandler) refers to stm32f10x_usart.o(i.USART_ReceiveData) for USART_ReceiveData
    rs232.o(i.USART1_IRQHandler) refers to dfltui.o(.text) for __aeabi_ui2d
    rs232.o(i.USART1_IRQHandler) refers to stm32f10x_usart.o(i.USART_ClearFlag) for USART_ClearFlag
    rs232.o(i.USART1_IRQHandler) refers to rs232.o(.data) for USART1_receive
    rs232.o(i.USART1_Init) refers to stm32f10x_rcc.o(i.RCC_APB2PeriphClockCmd) for RCC_APB2PeriphClockCmd
    rs232.o(i.USART1_Init) refers to stm32f10x_gpio.o(i.GPIO_Init) for GPIO_Init
    rs232.o(i.USART1_Init) refers to stm32f10x_usart.o(i.USART_Init) for USART_Init
    rs232.o(i.USART1_Init) refers to stm32f10x_usart.o(i.USART_ITConfig) for USART_ITConfig
    rs232.o(i.USART1_Init) refers to misc.o(i.NVIC_Init) for NVIC_Init
    rs232.o(i.USART1_Init) refers to stm32f10x_usart.o(i.USART_Cmd) for USART_Cmd
    rs232.o(i.fputc) refers to stm32f10x_usart.o(i.USART_GetFlagStatus) for USART_GetFlagStatus
    rs232.o(i.fputc) refers to stm32f10x_usart.o(i.USART_SendData) for USART_SendData
    hal_bdcmotorcontrol.o(i.IOsetDutyCycle) refers to stm32f10x_tim.o(i.TIM_SetCompare2) for TIM_SetCompare2
    hal_bdcmotorcontrol.o(i.IOsetDutyCycle) refers to stm32f10x_tim.o(i.TIM_SetCompare3) for TIM_SetCompare3
    hal_bdcmotorcontrol.o(i.IOsetDutyCycle) refers to hal_bdcmotorcontrol.o(.data) for HAL_BdcMotor_Fwd_CTL
    hal_bdcmotorcontrol.o(i.TIM2_CH2_3_Init) refers to stm32f10x_rcc.o(i.RCC_APB2PeriphClockCmd) for RCC_APB2PeriphClockCmd
    hal_bdcmotorcontrol.o(i.TIM2_CH2_3_Init) refers to stm32f10x_gpio.o(i.GPIO_Init) for GPIO_Init
    hal_bdcmotorcontrol.o(i.TIM2_CH2_3_Init) refers to stm32f10x_rcc.o(i.RCC_APB1PeriphClockCmd) for RCC_APB1PeriphClockCmd
    hal_bdcmotorcontrol.o(i.TIM2_CH2_3_Init) refers to stm32f10x_tim.o(i.TIM_TimeBaseInit) for TIM_TimeBaseInit
    hal_bdcmotorcontrol.o(i.TIM2_CH2_3_Init) refers to stm32f10x_tim.o(i.TIM_OC2Init) for TIM_OC2Init
    hal_bdcmotorcontrol.o(i.TIM2_CH2_3_Init) refers to stm32f10x_tim.o(i.TIM_OC3Init) for TIM_OC3Init
    hal_bdcmotorcontrol.o(i.TIM2_CH2_3_Init) refers to stm32f10x_tim.o(i.TIM_OC2PreloadConfig) for TIM_OC2PreloadConfig
    hal_bdcmotorcontrol.o(i.TIM2_CH2_3_Init) refers to stm32f10x_tim.o(i.TIM_OC3PreloadConfig) for TIM_OC3PreloadConfig
    hal_bdcmotorcontrol.o(i.TIM2_CH2_3_Init) refers to stm32f10x_tim.o(i.TIM_ARRPreloadConfig) for TIM_ARRPreloadConfig
    hal_bdcmotorcontrol.o(i.TIM2_CH2_3_Init) refers to stm32f10x_tim.o(i.TIM_SetCompare2) for TIM_SetCompare2
    hal_bdcmotorcontrol.o(i.TIM2_CH2_3_Init) refers to stm32f10x_tim.o(i.TIM_SetCompare3) for TIM_SetCompare3
    hal_bdcmotorcontrol.o(i.TIM2_CH2_3_Init) refers to stm32f10x_tim.o(i.TIM_Cmd) for TIM_Cmd
    hal_bdcmotorcontrol.o(i.TIM2_CH2_3_Init) refers to hal_bdcmotorcontrol.o(.data) for HAL_BdcMotor_Freq
    hal_bdcmotorcontrol.o(i.disableBdcMotor) refers to hal_bdcmotorcontrol.o(i.setBdcMotorDutyCycle) for setBdcMotorDutyCycle
    hal_bdcmotorcontrol.o(i.disableBdcMotor) refers to hal_bdcmotorcontrol.o(.data) for HAL_BdcMotor_Is_Enabled
    hal_bdcmotorcontrol.o(i.enableBdcMotor) refers to hal_bdcmotorcontrol.o(.data) for HAL_BdcMotor_Is_Enabled
    hal_bdcmotorcontrol.o(i.setBdcMotorDutyCycle) refers to fflti.o(.text) for __aeabi_i2f
    hal_bdcmotorcontrol.o(i.setBdcMotorDutyCycle) refers to ffltui.o(.text) for __aeabi_ui2f
    hal_bdcmotorcontrol.o(i.setBdcMotorDutyCycle) refers to fdiv.o(.text) for __aeabi_fdiv
    hal_bdcmotorcontrol.o(i.setBdcMotorDutyCycle) refers to fmul.o(.text) for __aeabi_fmul
    hal_bdcmotorcontrol.o(i.setBdcMotorDutyCycle) refers to ffixui.o(.text) for __aeabi_f2uiz
    hal_bdcmotorcontrol.o(i.setBdcMotorDutyCycle) refers to hal_bdcmotorcontrol.o(i.IOsetDutyCycle) for IOsetDutyCycle
    hal_bdcmotorcontrol.o(i.setBdcMotorDutyCycle) refers to hal_bdcmotorcontrol.o(.data) for HAL_BdcMotor_Is_Enabled
    hal_bdcmotorcontrol.o(i.setBdcMotorFreq) refers to stm32f10x_tim.o(i.TIM_SetAutoreload) for TIM_SetAutoreload
    hal_bdcmotorcontrol.o(i.setBdcMotorFreq) refers to hal_bdcmotorcontrol.o(i.IOsetDutyCycle) for IOsetDutyCycle
    hal_bdcmotorcontrol.o(i.setBdcMotorFreq) refers to hal_bdcmotorcontrol.o(.data) for HAL_BdcMotor_Is_Enabled
    hal_bdcmotorcontrol.o(i.setBdcMotorFwd) refers to stm32f10x_tim.o(i.TIM_SetCompare2) for TIM_SetCompare2
    hal_bdcmotorcontrol.o(i.setBdcMotorFwd) refers to stm32f10x_tim.o(i.TIM_SetCompare3) for TIM_SetCompare3
    hal_bdcmotorcontrol.o(i.setBdcMotorFwd) refers to hal_bdcmotorcontrol.o(.data) for HAL_BdcMotor_Is_Enabled
    hal_bdcmotorcontrol.o(i.setBdcMotorRev) refers to stm32f10x_tim.o(i.TIM_SetCompare2) for TIM_SetCompare2
    hal_bdcmotorcontrol.o(i.setBdcMotorRev) refers to stm32f10x_tim.o(i.TIM_SetCompare3) for TIM_SetCompare3
    hal_bdcmotorcontrol.o(i.setBdcMotorRev) refers to hal_bdcmotorcontrol.o(.data) for HAL_BdcMotor_Is_Enabled
    hal_encoder.o(i.TIM3_CH1_2_Init) refers to stm32f10x_rcc.o(i.RCC_APB2PeriphClockCmd) for RCC_APB2PeriphClockCmd
    hal_encoder.o(i.TIM3_CH1_2_Init) refers to stm32f10x_gpio.o(i.GPIO_Init) for GPIO_Init
    hal_encoder.o(i.TIM3_CH1_2_Init) refers to stm32f10x_rcc.o(i.RCC_APB1PeriphClockCmd) for RCC_APB1PeriphClockCmd
    hal_encoder.o(i.TIM3_CH1_2_Init) refers to stm32f10x_tim.o(i.TIM_TimeBaseInit) for TIM_TimeBaseInit
    hal_encoder.o(i.TIM3_CH1_2_Init) refers to stm32f10x_tim.o(i.TIM_ICInit) for TIM_ICInit
    hal_encoder.o(i.TIM3_CH1_2_Init) refers to stm32f10x_tim.o(i.TIM_ITConfig) for TIM_ITConfig
    hal_encoder.o(i.TIM3_CH1_2_Init) refers to stm32f10x_tim.o(i.TIM_ClearITPendingBit) for TIM_ClearITPendingBit
    hal_encoder.o(i.TIM3_CH1_2_Init) refers to misc.o(i.NVIC_Init) for NVIC_Init
    hal_encoder.o(i.TIM3_CH1_2_Init) refers to stm32f10x_tim.o(i.TIM_Cmd) for TIM_Cmd
    hal_encoder.o(i.TIM3_IRQHandler) refers to stm32f10x_tim.o(i.TIM_GetITStatus) for TIM_GetITStatus
    hal_encoder.o(i.TIM3_IRQHandler) refers to stm32f10x_tim.o(i.TIM_ClearITPendingBit) for TIM_ClearITPendingBit
    hal_encoder.o(i.TIM3_IRQHandler) refers to hal_encoder.o(.data) for overflow_count
    app_speedcontrol.o(i.BdcSpeedControl) refers to dadd.o(.text) for __aeabi_dsub
    app_speedcontrol.o(i.BdcSpeedControl) refers to dmul.o(.text) for __aeabi_dmul
    app_speedcontrol.o(i.BdcSpeedControl) refers to cdrcmple.o(.text) for __aeabi_cdrcmple
    app_speedcontrol.o(i.BdcSpeedControl) refers to cdcmple.o(.text) for __aeabi_cdcmple
    app_speedcontrol.o(i.BdcSpeedControl) refers to ddiv.o(.text) for __aeabi_ddiv
    app_speedcontrol.o(i.BdcSpeedControl) refers to dfixui.o(.text) for __aeabi_d2uiz
    app_speedcontrol.o(i.BdcSpeedControl) refers to systick_interupt_light_led.o(.data) for rpm
    app_speedcontrol.o(i.BdcSpeedControl) refers to app_speedcontrol.o(.data) for e_2
    app_speedcontrol.o(i.PID_Parameters_Init) refers to dfltui.o(.text) for __aeabi_ui2d
    app_speedcontrol.o(i.PID_Parameters_Init) refers to ddiv.o(.text) for __aeabi_ddiv
    app_speedcontrol.o(i.PID_Parameters_Init) refers to dmul.o(.text) for __aeabi_dmul
    app_speedcontrol.o(i.PID_Parameters_Init) refers to dadd.o(.text) for __aeabi_dadd
    app_speedcontrol.o(i.PID_Parameters_Init) refers to app_speedcontrol.o(.data) for A
    app_desired_rpm.o(i.generate_RPM) refers to dflti.o(.text) for __aeabi_i2d
    app_desired_rpm.o(i.generate_RPM) refers to ddiv.o(.text) for __aeabi_ddiv
    app_desired_rpm.o(i.generate_RPM) refers to dmul.o(.text) for __aeabi_dmul
    app_desired_rpm.o(i.generate_RPM) refers to sin.o(i.sin) for sin
    app_desired_rpm.o(i.generate_RPM) refers to app_desired_rpm.o(.data) for t
    sin.o(i.__softfp_sin) refers (Special) to iusefp.o(.text) for __I$use$fp
    sin.o(i.__softfp_sin) refers to sin.o(i.sin) for sin
    sin.o(i.sin) refers (Special) to iusefp.o(.text) for __I$use$fp
    sin.o(i.sin) refers to errno.o(i.__set_errno) for __set_errno
    sin.o(i.sin) refers to dunder.o(i.__mathlib_dbl_invalid) for __mathlib_dbl_invalid
    sin.o(i.sin) refers to dunder.o(i.__mathlib_dbl_infnan) for __mathlib_dbl_infnan
    sin.o(i.sin) refers to rred.o(i.__ieee754_rem_pio2) for __ieee754_rem_pio2
    sin.o(i.sin) refers to cos_i.o(i.__kernel_cos) for __kernel_cos
    sin.o(i.sin) refers to sin_i.o(i.__kernel_sin) for __kernel_sin
    sin_x.o(i.____softfp_sin$lsc) refers (Special) to iusefp.o(.text) for __I$use$fp
    sin_x.o(i.____softfp_sin$lsc) refers to sin_x.o(i.__sin$lsc) for __sin$lsc
    sin_x.o(i.__sin$lsc) refers (Special) to iusefp.o(.text) for __I$use$fp
    sin_x.o(i.__sin$lsc) refers to errno.o(i.__set_errno) for __set_errno
    sin_x.o(i.__sin$lsc) refers to dunder.o(i.__mathlib_dbl_infnan) for __mathlib_dbl_infnan
    sin_x.o(i.__sin$lsc) refers to rred.o(i.__ieee754_rem_pio2) for __ieee754_rem_pio2
    sin_x.o(i.__sin$lsc) refers to cos_i.o(i.__kernel_cos) for __kernel_cos
    sin_x.o(i.__sin$lsc) refers to sin_i.o(i.__kernel_sin) for __kernel_sin
    entry.o(.ARM.Collect$$$$00000000) refers (Special) to entry10a.o(.ARM.Collect$$$$0000000D) for __rt_final_cpp
    entry.o(.ARM.Collect$$$$00000000) refers (Special) to entry11a.o(.ARM.Collect$$$$0000000F) for __rt_final_exit
    entry.o(.ARM.Collect$$$$00000000) refers (Special) to entry7b.o(.ARM.Collect$$$$00000008) for _main_clock
    entry.o(.ARM.Collect$$$$00000000) refers (Special) to entry8b.o(.ARM.Collect$$$$0000000A) for _main_cpp_init
    entry.o(.ARM.Collect$$$$00000000) refers (Special) to entry9a.o(.ARM.Collect$$$$0000000B) for _main_init
    entry.o(.ARM.Collect$$$$00000000) refers (Special) to entry5.o(.ARM.Collect$$$$00000004) for _main_scatterload
    entry.o(.ARM.Collect$$$$00000000) refers (Special) to entry2.o(.ARM.Collect$$$$00000001) for _main_stk
    fmul.o(.text) refers (Special) to iusefp.o(.text) for __I$use$fp
    fdiv.o(.text) refers (Special) to iusefp.o(.text) for __I$use$fp
    fdiv.o(.text) refers to fepilogue.o(.text) for _float_round
    dadd.o(.text) refers (Special) to iusefp.o(.text) for __I$use$fp
    dadd.o(.text) refers to llshl.o(.text) for __aeabi_llsl
    dadd.o(.text) refers to llsshr.o(.text) for __aeabi_lasr
    dadd.o(.text) refers to depilogue.o(.text) for _double_epilogue
    dmul.o(.text) refers (Special) to iusefp.o(.text) for __I$use$fp
    dmul.o(.text) refers to depilogue.o(.text) for _double_epilogue
    ddiv.o(.text) refers (Special) to iusefp.o(.text) for __I$use$fp
    ddiv.o(.text) refers to depilogue.o(.text) for _double_round
    fflti.o(.text) refers (Special) to iusefp.o(.text) for __I$use$fp
    fflti.o(.text) refers to fepilogue.o(.text) for _float_epilogue
    ffltui.o(.text) refers (Special) to iusefp.o(.text) for __I$use$fp
    ffltui.o(.text) refers to fepilogue.o(.text) for _float_epilogue
    dflti.o(.text) refers (Special) to iusefp.o(.text) for __I$use$fp
    dflti.o(.text) refers to depilogue.o(.text) for _double_epilogue
    dfltui.o(.text) refers (Special) to iusefp.o(.text) for __I$use$fp
    dfltui.o(.text) refers to depilogue.o(.text) for _double_epilogue
    ffixui.o(.text) refers (Special) to iusefp.o(.text) for __I$use$fp
    dfixui.o(.text) refers (Special) to iusefp.o(.text) for __I$use$fp
    dfixui.o(.text) refers to llushr.o(.text) for __aeabi_llsr
    cdcmple.o(.text) refers (Special) to iusefp.o(.text) for __I$use$fp
    cdrcmple.o(.text) refers (Special) to iusefp.o(.text) for __I$use$fp
    cos_i.o(i.__kernel_cos) refers (Special) to iusefp.o(.text) for __I$use$fp
    cos_i.o(i.__kernel_cos) refers to dfixi.o(.text) for __aeabi_d2iz
    cos_i.o(i.__kernel_cos) refers to dmul.o(.text) for __aeabi_dmul
    cos_i.o(i.__kernel_cos) refers to poly.o(i.__kernel_poly) for __kernel_poly
    cos_i.o(i.__kernel_cos) refers to dadd.o(.text) for __aeabi_dsub
    cos_i.o(i.__kernel_cos) refers to dscalb.o(.text) for __ARM_scalbn
    cos_i.o(i.__kernel_cos) refers to cos_i.o(.constdata) for .constdata
    cos_i.o(.constdata) refers (Special) to iusefp.o(.text) for __I$use$fp
    dunder.o(i.__mathlib_dbl_divzero) refers to ddiv.o(.text) for __aeabi_ddiv
    dunder.o(i.__mathlib_dbl_infnan) refers to dscalb.o(.text) for __ARM_scalbn
    dunder.o(i.__mathlib_dbl_infnan2) refers to dadd.o(.text) for __aeabi_dadd
    dunder.o(i.__mathlib_dbl_invalid) refers to ddiv.o(.text) for __aeabi_ddiv
    dunder.o(i.__mathlib_dbl_overflow) refers to dscalb.o(.text) for __ARM_scalbn
    dunder.o(i.__mathlib_dbl_posinfnan) refers to dmul.o(.text) for __aeabi_dmul
    dunder.o(i.__mathlib_dbl_underflow) refers to dscalb.o(.text) for __ARM_scalbn
    rred.o(i.__ieee754_rem_pio2) refers (Special) to iusefp.o(.text) for __I$use$fp
    rred.o(i.__ieee754_rem_pio2) refers to dadd.o(.text) for __aeabi_dsub
    rred.o(i.__ieee754_rem_pio2) refers to dmul.o(.text) for __aeabi_dmul
    rred.o(i.__ieee754_rem_pio2) refers to dfixi.o(.text) for __aeabi_d2iz
    rred.o(i.__ieee754_rem_pio2) refers to dflti.o(.text) for __aeabi_i2d
    rred.o(i.__ieee754_rem_pio2) refers to dfltui.o(.text) for __aeabi_ui2d
    rred.o(i.__ieee754_rem_pio2) refers to dscalb.o(.text) for __ARM_scalbn
    rred.o(i.__ieee754_rem_pio2) refers to rred.o(.constdata) for .constdata
    rred.o(i.__use_accurate_range_reduction) refers (Special) to iusefp.o(.text) for __I$use$fp
    rred.o(.constdata) refers (Special) to iusefp.o(.text) for __I$use$fp
    sin_i.o(i.__kernel_sin) refers (Special) to iusefp.o(.text) for __I$use$fp
    sin_i.o(i.__kernel_sin) refers to fpclassify.o(i.__ARM_fpclassify) for __ARM_fpclassify
    sin_i.o(i.__kernel_sin) refers to dunder.o(i.__mathlib_dbl_underflow) for __mathlib_dbl_underflow
    sin_i.o(i.__kernel_sin) refers to dmul.o(.text) for __aeabi_dmul
    sin_i.o(i.__kernel_sin) refers to poly.o(i.__kernel_poly) for __kernel_poly
    sin_i.o(i.__kernel_sin) refers to dscalb.o(.text) for __ARM_scalbn
    sin_i.o(i.__kernel_sin) refers to dadd.o(.text) for __aeabi_dsub
    sin_i.o(i.__kernel_sin) refers to sin_i.o(.constdata) for .constdata
    sin_i.o(.constdata) refers (Special) to iusefp.o(.text) for __I$use$fp
    sin_i_x.o(i.____kernel_sin$lsc) refers (Special) to iusefp.o(.text) for __I$use$fp
    sin_i_x.o(i.____kernel_sin$lsc) refers to dmul.o(.text) for __aeabi_dmul
    sin_i_x.o(i.____kernel_sin$lsc) refers to poly.o(i.__kernel_poly) for __kernel_poly
    sin_i_x.o(i.____kernel_sin$lsc) refers to dscalb.o(.text) for __ARM_scalbn
    sin_i_x.o(i.____kernel_sin$lsc) refers to dadd.o(.text) for __aeabi_dsub
    sin_i_x.o(i.____kernel_sin$lsc) refers to sin_i_x.o(.constdata) for .constdata
    sin_i_x.o(.constdata) refers (Special) to iusefp.o(.text) for __I$use$fp
    entry2.o(.ARM.Collect$$$$00000001) refers to entry2.o(.ARM.Collect$$$$00002712) for __lit__00000000
    entry2.o(.ARM.Collect$$$$00002712) refers to startup_stm32f10x_md.o(STACK) for __initial_sp
    entry2.o(__vectab_stack_and_reset_area) refers to startup_stm32f10x_md.o(STACK) for __initial_sp
    entry2.o(__vectab_stack_and_reset_area) refers to entry.o(.ARM.Collect$$$$00000000) for __main
    entry5.o(.ARM.Collect$$$$00000004) refers to init.o(.text) for __scatterload
    entry9a.o(.ARM.Collect$$$$0000000B) refers to main.o(i.main) for main
    entry9b.o(.ARM.Collect$$$$0000000C) refers to main.o(i.main) for main
    errno.o(i.__aeabi_errno_addr) refers to errno.o(.data) for .data
    errno.o(i.__read_errno) refers to errno.o(.data) for .data
    errno.o(i.__set_errno) refers to errno.o(.data) for .data
    depilogue.o(.text) refers to llshl.o(.text) for __aeabi_llsl
    depilogue.o(.text) refers to llushr.o(.text) for __aeabi_llsr
    fpclassify.o(i.__ARM_fpclassify) refers (Special) to iusefp.o(.text) for __I$use$fp
    poly.o(i.__kernel_poly) refers (Special) to iusefp.o(.text) for __I$use$fp
    poly.o(i.__kernel_poly) refers to dmul.o(.text) for __aeabi_dmul
    poly.o(i.__kernel_poly) refers to dadd.o(.text) for __aeabi_dadd
    init.o(.text) refers to entry5.o(.ARM.Collect$$$$00000004) for __main_after_scatterload
    dfixi.o(.text) refers to llushr.o(.text) for __aeabi_llsr


==============================================================================

Removing Unused input sections from the image.

    Removing startup_stm32f10x_md.o(HEAP), (512 bytes).
    Removing core_cm3.o(.emb_text), (32 bytes).
    Removing system_stm32f10x.o(i.SystemCoreClockUpdate), (164 bytes).
    Removing system_stm32f10x.o(.data), (20 bytes).
    Removing stm32f10x_gpio.o(i.GPIO_AFIODeInit), (20 bytes).
    Removing stm32f10x_gpio.o(i.GPIO_DeInit), (200 bytes).
    Removing stm32f10x_gpio.o(i.GPIO_ETH_MediaInterfaceConfig), (12 bytes).
    Removing stm32f10x_gpio.o(i.GPIO_EXTILineConfig), (64 bytes).
    Removing stm32f10x_gpio.o(i.GPIO_EventOutputCmd), (12 bytes).
    Removing stm32f10x_gpio.o(i.GPIO_EventOutputConfig), (32 bytes).
    Removing stm32f10x_gpio.o(i.GPIO_PinLockConfig), (18 bytes).
    Removing stm32f10x_gpio.o(i.GPIO_PinRemapConfig), (144 bytes).
    Removing stm32f10x_gpio.o(i.GPIO_ReadInputData), (8 bytes).
    Removing stm32f10x_gpio.o(i.GPIO_ReadInputDataBit), (18 bytes).
    Removing stm32f10x_gpio.o(i.GPIO_ReadOutputData), (8 bytes).
    Removing stm32f10x_gpio.o(i.GPIO_ReadOutputDataBit), (18 bytes).
    Removing stm32f10x_gpio.o(i.GPIO_StructInit), (16 bytes).
    Removing stm32f10x_gpio.o(i.GPIO_Write), (4 bytes).
    Removing stm32f10x_gpio.o(i.GPIO_WriteBit), (10 bytes).
    Removing stm32f10x_rcc.o(i.RCC_ADCCLKConfig), (24 bytes).
    Removing stm32f10x_rcc.o(i.RCC_AHBPeriphClockCmd), (32 bytes).
    Removing stm32f10x_rcc.o(i.RCC_APB1PeriphResetCmd), (32 bytes).
    Removing stm32f10x_rcc.o(i.RCC_APB2PeriphResetCmd), (32 bytes).
    Removing stm32f10x_rcc.o(i.RCC_AdjustHSICalibrationValue), (24 bytes).
    Removing stm32f10x_rcc.o(i.RCC_BackupResetCmd), (12 bytes).
    Removing stm32f10x_rcc.o(i.RCC_ClearFlag), (20 bytes).
    Removing stm32f10x_rcc.o(i.RCC_ClearITPendingBit), (12 bytes).
    Removing stm32f10x_rcc.o(i.RCC_ClockSecuritySystemCmd), (12 bytes).
    Removing stm32f10x_rcc.o(i.RCC_DeInit), (76 bytes).
    Removing stm32f10x_rcc.o(i.RCC_GetFlagStatus), (60 bytes).
    Removing stm32f10x_rcc.o(i.RCC_GetITStatus), (24 bytes).
    Removing stm32f10x_rcc.o(i.RCC_GetSYSCLKSource), (16 bytes).
    Removing stm32f10x_rcc.o(i.RCC_HCLKConfig), (24 bytes).
    Removing stm32f10x_rcc.o(i.RCC_HSEConfig), (76 bytes).
    Removing stm32f10x_rcc.o(i.RCC_HSICmd), (12 bytes).
    Removing stm32f10x_rcc.o(i.RCC_ITConfig), (32 bytes).
    Removing stm32f10x_rcc.o(i.RCC_LSEConfig), (52 bytes).
    Removing stm32f10x_rcc.o(i.RCC_LSICmd), (12 bytes).
    Removing stm32f10x_rcc.o(i.RCC_MCOConfig), (12 bytes).
    Removing stm32f10x_rcc.o(i.RCC_PCLK1Config), (24 bytes).
    Removing stm32f10x_rcc.o(i.RCC_PCLK2Config), (24 bytes).
    Removing stm32f10x_rcc.o(i.RCC_PLLCmd), (12 bytes).
    Removing stm32f10x_rcc.o(i.RCC_PLLConfig), (28 bytes).
    Removing stm32f10x_rcc.o(i.RCC_RTCCLKCmd), (12 bytes).
    Removing stm32f10x_rcc.o(i.RCC_RTCCLKConfig), (16 bytes).
    Removing stm32f10x_rcc.o(i.RCC_SYSCLKConfig), (24 bytes).
    Removing stm32f10x_rcc.o(i.RCC_USBCLKConfig), (12 bytes).
    Removing stm32f10x_rcc.o(i.RCC_WaitForHSEStartUp), (56 bytes).
    Removing misc.o(i.NVIC_SetVectorTable), (20 bytes).
    Removing misc.o(i.NVIC_SystemLPConfig), (32 bytes).
    Removing stm32f10x_usart.o(i.USART_ClearITPendingBit), (30 bytes).
    Removing stm32f10x_usart.o(i.USART_ClockInit), (34 bytes).
    Removing stm32f10x_usart.o(i.USART_ClockStructInit), (12 bytes).
    Removing stm32f10x_usart.o(i.USART_DMACmd), (18 bytes).
    Removing stm32f10x_usart.o(i.USART_DeInit), (156 bytes).
    Removing stm32f10x_usart.o(i.USART_GetFlagStatus), (26 bytes).
    Removing stm32f10x_usart.o(i.USART_HalfDuplexCmd), (24 bytes).
    Removing stm32f10x_usart.o(i.USART_IrDACmd), (24 bytes).
    Removing stm32f10x_usart.o(i.USART_IrDAConfig), (18 bytes).
    Removing stm32f10x_usart.o(i.USART_LINBreakDetectLengthConfig), (18 bytes).
    Removing stm32f10x_usart.o(i.USART_LINCmd), (24 bytes).
    Removing stm32f10x_usart.o(i.USART_OneBitMethodCmd), (24 bytes).
    Removing stm32f10x_usart.o(i.USART_OverSampling8Cmd), (22 bytes).
    Removing stm32f10x_usart.o(i.USART_ReceiverWakeUpCmd), (24 bytes).
    Removing stm32f10x_usart.o(i.USART_SendBreak), (10 bytes).
    Removing stm32f10x_usart.o(i.USART_SendData), (8 bytes).
    Removing stm32f10x_usart.o(i.USART_SetAddress), (18 bytes).
    Removing stm32f10x_usart.o(i.USART_SetGuardTime), (16 bytes).
    Removing stm32f10x_usart.o(i.USART_SetPrescaler), (16 bytes).
    Removing stm32f10x_usart.o(i.USART_SmartCardCmd), (24 bytes).
    Removing stm32f10x_usart.o(i.USART_SmartCardNACKCmd), (24 bytes).
    Removing stm32f10x_usart.o(i.USART_StructInit), (24 bytes).
    Removing stm32f10x_usart.o(i.USART_WakeUpConfig), (18 bytes).
    Removing stm32f10x_tim.o(i.TIM_BDTRConfig), (32 bytes).
    Removing stm32f10x_tim.o(i.TIM_BDTRStructInit), (18 bytes).
    Removing stm32f10x_tim.o(i.TIM_CCPreloadControl), (24 bytes).
    Removing stm32f10x_tim.o(i.TIM_CCxCmd), (30 bytes).
    Removing stm32f10x_tim.o(i.TIM_CCxNCmd), (30 bytes).
    Removing stm32f10x_tim.o(i.TIM_ClearFlag), (6 bytes).
    Removing stm32f10x_tim.o(i.TIM_ClearOC1Ref), (18 bytes).
    Removing stm32f10x_tim.o(i.TIM_ClearOC2Ref), (24 bytes).
    Removing stm32f10x_tim.o(i.TIM_ClearOC3Ref), (18 bytes).
    Removing stm32f10x_tim.o(i.TIM_ClearOC4Ref), (24 bytes).
    Removing stm32f10x_tim.o(i.TIM_CounterModeConfig), (18 bytes).
    Removing stm32f10x_tim.o(i.TIM_CtrlPWMOutputs), (30 bytes).
    Removing stm32f10x_tim.o(i.TIM_DMACmd), (18 bytes).
    Removing stm32f10x_tim.o(i.TIM_DMAConfig), (10 bytes).
    Removing stm32f10x_tim.o(i.TIM_DeInit), (488 bytes).
    Removing stm32f10x_tim.o(i.TIM_ETRClockMode1Config), (54 bytes).
    Removing stm32f10x_tim.o(i.TIM_ETRClockMode2Config), (32 bytes).
    Removing stm32f10x_tim.o(i.TIM_ETRConfig), (28 bytes).
    Removing stm32f10x_tim.o(i.TIM_EncoderInterfaceConfig), (66 bytes).
    Removing stm32f10x_tim.o(i.TIM_ForcedOC1Config), (18 bytes).
    Removing stm32f10x_tim.o(i.TIM_ForcedOC2Config), (26 bytes).
    Removing stm32f10x_tim.o(i.TIM_ForcedOC3Config), (18 bytes).
    Removing stm32f10x_tim.o(i.TIM_ForcedOC4Config), (26 bytes).
    Removing stm32f10x_tim.o(i.TIM_GenerateEvent), (4 bytes).
    Removing stm32f10x_tim.o(i.TIM_GetCapture1), (6 bytes).
    Removing stm32f10x_tim.o(i.TIM_GetCapture2), (6 bytes).
    Removing stm32f10x_tim.o(i.TIM_GetCapture3), (6 bytes).
    Removing stm32f10x_tim.o(i.TIM_GetCapture4), (8 bytes).
    Removing stm32f10x_tim.o(i.TIM_GetFlagStatus), (18 bytes).
    Removing stm32f10x_tim.o(i.TIM_GetPrescaler), (6 bytes).
    Removing stm32f10x_tim.o(i.TIM_ICStructInit), (18 bytes).
    Removing stm32f10x_tim.o(i.TIM_ITRxExternalClockConfig), (24 bytes).
    Removing stm32f10x_tim.o(i.TIM_InternalClockConfig), (12 bytes).
    Removing stm32f10x_tim.o(i.TIM_OC1FastConfig), (18 bytes).
    Removing stm32f10x_tim.o(i.TIM_OC1Init), (152 bytes).
    Removing stm32f10x_tim.o(i.TIM_OC1NPolarityConfig), (18 bytes).
    Removing stm32f10x_tim.o(i.TIM_OC1PolarityConfig), (18 bytes).
    Removing stm32f10x_tim.o(i.TIM_OC1PreloadConfig), (18 bytes).
    Removing stm32f10x_tim.o(i.TIM_OC2FastConfig), (26 bytes).
    Removing stm32f10x_tim.o(i.TIM_OC2NPolarityConfig), (26 bytes).
    Removing stm32f10x_tim.o(i.TIM_OC2PolarityConfig), (26 bytes).
    Removing stm32f10x_tim.o(i.TIM_OC3FastConfig), (18 bytes).
    Removing stm32f10x_tim.o(i.TIM_OC3NPolarityConfig), (26 bytes).
    Removing stm32f10x_tim.o(i.TIM_OC3PolarityConfig), (26 bytes).
    Removing stm32f10x_tim.o(i.TIM_OC4FastConfig), (26 bytes).
    Removing stm32f10x_tim.o(i.TIM_OC4Init), (124 bytes).
    Removing stm32f10x_tim.o(i.TIM_OC4PolarityConfig), (26 bytes).
    Removing stm32f10x_tim.o(i.TIM_OC4PreloadConfig), (26 bytes).
    Removing stm32f10x_tim.o(i.TIM_OCStructInit), (20 bytes).
    Removing stm32f10x_tim.o(i.TIM_PWMIConfig), (124 bytes).
    Removing stm32f10x_tim.o(i.TIM_PrescalerConfig), (6 bytes).
    Removing stm32f10x_tim.o(i.TIM_SelectCCDMA), (24 bytes).
    Removing stm32f10x_tim.o(i.TIM_SelectCOM), (24 bytes).
    Removing stm32f10x_tim.o(i.TIM_SelectHallSensor), (24 bytes).
    Removing stm32f10x_tim.o(i.TIM_SelectInputTrigger), (18 bytes).
    Removing stm32f10x_tim.o(i.TIM_SelectMasterSlaveMode), (18 bytes).
    Removing stm32f10x_tim.o(i.TIM_SelectOCxM), (82 bytes).
    Removing stm32f10x_tim.o(i.TIM_SelectOnePulseMode), (18 bytes).
    Removing stm32f10x_tim.o(i.TIM_SelectOutputTrigger), (18 bytes).
    Removing stm32f10x_tim.o(i.TIM_SelectSlaveMode), (18 bytes).
    Removing stm32f10x_tim.o(i.TIM_SetAutoreload), (4 bytes).
    Removing stm32f10x_tim.o(i.TIM_SetClockDivision), (18 bytes).
    Removing stm32f10x_tim.o(i.TIM_SetCompare1), (4 bytes).
    Removing stm32f10x_tim.o(i.TIM_SetCompare4), (6 bytes).
    Removing stm32f10x_tim.o(i.TIM_SetCounter), (4 bytes).
    Removing stm32f10x_tim.o(i.TIM_TIxExternalClockConfig), (62 bytes).
    Removing stm32f10x_tim.o(i.TIM_TimeBaseStructInit), (18 bytes).
    Removing stm32f10x_tim.o(i.TIM_UpdateDisableConfig), (24 bytes).
    Removing stm32f10x_tim.o(i.TIM_UpdateRequestConfig), (24 bytes).
    Removing rs232.o(i.fputc), (44 bytes).
    Removing hal_bdcmotorcontrol.o(i.disableBdcMotor), (28 bytes).
    Removing hal_bdcmotorcontrol.o(i.setBdcMotorFreq), (72 bytes).

145 unused section(s) (total 5220 bytes) removed from the image.

==============================================================================

Image Symbol Table

    Local Symbols

    Symbol Name                              Value     Ov Type        Size  Object(Section)

    ../clib/microlib/errno.c                 0x00000000   Number         0  errno.o ABSOLUTE
    ../clib/microlib/init/entry.s            0x00000000   Number         0  entry2.o ABSOLUTE
    ../clib/microlib/init/entry.s            0x00000000   Number         0  entry9b.o ABSOLUTE
    ../clib/microlib/init/entry.s            0x00000000   Number         0  entry9a.o ABSOLUTE
    ../clib/microlib/init/entry.s            0x00000000   Number         0  entry10a.o ABSOLUTE
    ../clib/microlib/init/entry.s            0x00000000   Number         0  entry8b.o ABSOLUTE
    ../clib/microlib/init/entry.s            0x00000000   Number         0  entry8a.o ABSOLUTE
    ../clib/microlib/init/entry.s            0x00000000   Number         0  entry5.o ABSOLUTE
    ../clib/microlib/init/entry.s            0x00000000   Number         0  entry7b.o ABSOLUTE
    ../clib/microlib/init/entry.s            0x00000000   Number         0  entry10b.o ABSOLUTE
    ../clib/microlib/init/entry.s            0x00000000   Number         0  entry.o ABSOLUTE
    ../clib/microlib/init/entry.s            0x00000000   Number         0  entry11a.o ABSOLUTE
    ../clib/microlib/init/entry.s            0x00000000   Number         0  entry7a.o ABSOLUTE
    ../clib/microlib/init/entry.s            0x00000000   Number         0  entry11b.o ABSOLUTE
    ../clib/microlib/longlong.c              0x00000000   Number         0  llsshr.o ABSOLUTE
    ../clib/microlib/longlong.c              0x00000000   Number         0  llshl.o ABSOLUTE
    ../clib/microlib/longlong.c              0x00000000   Number         0  llushr.o ABSOLUTE
    ../clib/microlib/stubs.s                 0x00000000   Number         0  iusefp.o ABSOLUTE
    ../fplib/microlib/fpadd.c                0x00000000   Number         0  dadd.o ABSOLUTE
    ../fplib/microlib/fpdiv.c                0x00000000   Number         0  fdiv.o ABSOLUTE
    ../fplib/microlib/fpdiv.c                0x00000000   Number         0  ddiv.o ABSOLUTE
    ../fplib/microlib/fpepilogue.c           0x00000000   Number         0  depilogue.o ABSOLUTE
    ../fplib/microlib/fpepilogue.c           0x00000000   Number         0  fepilogue.o ABSOLUTE
    ../fplib/microlib/fpfix.c                0x00000000   Number         0  ffixui.o ABSOLUTE
    ../fplib/microlib/fpfix.c                0x00000000   Number         0  dfixui.o ABSOLUTE
    ../fplib/microlib/fpfix.c                0x00000000   Number         0  dfixi.o ABSOLUTE
    ../fplib/microlib/fpflt.c                0x00000000   Number         0  ffltui.o ABSOLUTE
    ../fplib/microlib/fpflt.c                0x00000000   Number         0  dflti.o ABSOLUTE
    ../fplib/microlib/fpflt.c                0x00000000   Number         0  dfltui.o ABSOLUTE
    ../fplib/microlib/fpflt.c                0x00000000   Number         0  fflti.o ABSOLUTE
    ../fplib/microlib/fpmul.c                0x00000000   Number         0  dmul.o ABSOLUTE
    ../fplib/microlib/fpmul.c                0x00000000   Number         0  fmul.o ABSOLUTE
    ../fplib/microlib/fpscalb.c              0x00000000   Number         0  dscalb.o ABSOLUTE
    ../mathlib/cos_i.c                       0x00000000   Number         0  cos_i.o ABSOLUTE
    ../mathlib/dunder.c                      0x00000000   Number         0  dunder.o ABSOLUTE
    ../mathlib/fpclassify.c                  0x00000000   Number         0  fpclassify.o ABSOLUTE
    ../mathlib/poly.c                        0x00000000   Number         0  poly.o ABSOLUTE
    ../mathlib/rred.c                        0x00000000   Number         0  rred.o ABSOLUTE
    ../mathlib/sin.c                         0x00000000   Number         0  sin.o ABSOLUTE
    ../mathlib/sin.c                         0x00000000   Number         0  sin_x.o ABSOLUTE
    ../mathlib/sin_i.c                       0x00000000   Number         0  sin_i.o ABSOLUTE
    ../mathlib/sin_i.c                       0x00000000   Number         0  sin_i_x.o ABSOLUTE
    User\Me\APP_Desired_RPM.c                0x00000000   Number         0  app_desired_rpm.o ABSOLUTE
    User\Me\APP_SpeedControl.c               0x00000000   Number         0  app_speedcontrol.o ABSOLUTE
    User\Me\HAL_BdcMotorControl.c            0x00000000   Number         0  hal_bdcmotorcontrol.o ABSOLUTE
    User\Me\HAL_Encoder.c                    0x00000000   Number         0  hal_encoder.o ABSOLUTE
    User\Me\RS232.c                          0x00000000   Number         0  rs232.o ABSOLUTE
    User\Me\systick_interupt_light_LED.c     0x00000000   Number         0  systick_interupt_light_led.o ABSOLUTE
    User\StdPeriph Driver\src\misc.c         0x00000000   Number         0  misc.o ABSOLUTE
    User\StdPeriph Driver\src\stm32f10x_gpio.c 0x00000000   Number         0  stm32f10x_gpio.o ABSOLUTE
    User\StdPeriph Driver\src\stm32f10x_rcc.c 0x00000000   Number         0  stm32f10x_rcc.o ABSOLUTE
    User\StdPeriph Driver\src\stm32f10x_tim.c 0x00000000   Number         0  stm32f10x_tim.o ABSOLUTE
    User\StdPeriph Driver\src\stm32f10x_usart.c 0x00000000   Number         0  stm32f10x_usart.o ABSOLUTE
    User\\core_cm3.c                         0x00000000   Number         0  core_cm3.o ABSOLUTE
    User\core_cm3.c                          0x00000000   Number         0  core_cm3.o ABSOLUTE
    User\main.c                              0x00000000   Number         0  main.o ABSOLUTE
    User\startup_stm32f10x_md.s              0x00000000   Number         0  startup_stm32f10x_md.o ABSOLUTE
    User\system_stm32f10x.c                  0x00000000   Number         0  system_stm32f10x.o ABSOLUTE
    cdcmple.s                                0x00000000   Number         0  cdcmple.o ABSOLUTE
    cdrcmple.s                               0x00000000   Number         0  cdrcmple.o ABSOLUTE
    dc.s                                     0x00000000   Number         0  dc.o ABSOLUTE
    handlers.s                               0x00000000   Number         0  handlers.o ABSOLUTE
    init.s                                   0x00000000   Number         0  init.o ABSOLUTE
    RESET                                    0x08000000   Section      236  startup_stm32f10x_md.o(RESET)
    .ARM.Collect$$$$00000000                 0x080000ec   Section        0  entry.o(.ARM.Collect$$$$00000000)
    .ARM.Collect$$$$00000001                 0x080000ec   Section        4  entry2.o(.ARM.Collect$$$$00000001)
    .ARM.Collect$$$$00000004                 0x080000f0   Section        4  entry5.o(.ARM.Collect$$$$00000004)
    .ARM.Collect$$$$00000008                 0x080000f4   Section        0  entry7b.o(.ARM.Collect$$$$00000008)
    .ARM.Collect$$$$0000000A                 0x080000f4   Section        0  entry8b.o(.ARM.Collect$$$$0000000A)
    .ARM.Collect$$$$0000000B                 0x080000f4   Section        8  entry9a.o(.ARM.Collect$$$$0000000B)
    .ARM.Collect$$$$0000000D                 0x080000fc   Section        0  entry10a.o(.ARM.Collect$$$$0000000D)
    .ARM.Collect$$$$0000000F                 0x080000fc   Section        0  entry11a.o(.ARM.Collect$$$$0000000F)
    .ARM.Collect$$$$00002712                 0x080000fc   Section        4  entry2.o(.ARM.Collect$$$$00002712)
    __lit__00000000                          0x080000fc   Data           4  entry2.o(.ARM.Collect$$$$00002712)
    .text                                    0x08000100   Section       36  startup_stm32f10x_md.o(.text)
    .text                                    0x08000124   Section        0  fmul.o(.text)
    .text                                    0x08000188   Section        0  fdiv.o(.text)
    .text                                    0x08000204   Section        0  dadd.o(.text)
    .text                                    0x08000352   Section        0  dmul.o(.text)
    .text                                    0x08000436   Section        0  ddiv.o(.text)
    .text                                    0x08000514   Section        0  fflti.o(.text)
    .text                                    0x08000526   Section        0  ffltui.o(.text)
    .text                                    0x08000530   Section        0  dflti.o(.text)
    .text                                    0x08000552   Section        0  dfltui.o(.text)
    .text                                    0x0800056c   Section        0  ffixui.o(.text)
    .text                                    0x08000594   Section        0  dfixui.o(.text)
    .text                                    0x080005c8   Section       48  cdcmple.o(.text)
    .text                                    0x080005f8   Section       48  cdrcmple.o(.text)
    .text                                    0x08000628   Section        0  llshl.o(.text)
    .text                                    0x08000646   Section        0  llushr.o(.text)
    .text                                    0x08000666   Section        0  llsshr.o(.text)
    .text                                    0x0800068a   Section        0  iusefp.o(.text)
    .text                                    0x0800068a   Section        0  fepilogue.o(.text)
    .text                                    0x080006f8   Section        0  depilogue.o(.text)
    .text                                    0x080007b4   Section       36  init.o(.text)
    .text                                    0x080007d8   Section        0  dscalb.o(.text)
    .text                                    0x08000806   Section        0  dfixi.o(.text)
    i.BdcSpeedControl                        0x08000844   Section        0  app_speedcontrol.o(i.BdcSpeedControl)
    i.GPIO_Init                              0x080009e4   Section        0  stm32f10x_gpio.o(i.GPIO_Init)
    i.GPIO_ResetBits                         0x08000afa   Section        0  stm32f10x_gpio.o(i.GPIO_ResetBits)
    i.GPIO_SetBits                           0x08000afe   Section        0  stm32f10x_gpio.o(i.GPIO_SetBits)
    i.IOsetDutyCycle                         0x08000b04   Section        0  hal_bdcmotorcontrol.o(i.IOsetDutyCycle)
    IOsetDutyCycle                           0x08000b05   Thumb Code    54  hal_bdcmotorcontrol.o(i.IOsetDutyCycle)
    i.LED_Init                               0x08000b40   Section        0  systick_interupt_light_led.o(i.LED_Init)
    i.NVIC_Init                              0x08000b74   Section        0  misc.o(i.NVIC_Init)
    i.NVIC_PriorityGroupConfig               0x08000be4   Section        0  misc.o(i.NVIC_PriorityGroupConfig)
    i.PID_Parameters_Init                    0x08000bf8   Section        0  app_speedcontrol.o(i.PID_Parameters_Init)
    i.RCC_APB1PeriphClockCmd                 0x08000ce8   Section        0  stm32f10x_rcc.o(i.RCC_APB1PeriphClockCmd)
    i.RCC_APB2PeriphClockCmd                 0x08000d08   Section        0  stm32f10x_rcc.o(i.RCC_APB2PeriphClockCmd)
    i.RCC_GetClocksFreq                      0x08000d28   Section        0  stm32f10x_rcc.o(i.RCC_GetClocksFreq)
    i.SYSTICK_Init                           0x08000dfc   Section        0  systick_interupt_light_led.o(i.SYSTICK_Init)
    i.SetSysClock                            0x08000e5a   Section        0  system_stm32f10x.o(i.SetSysClock)
    SetSysClock                              0x08000e5b   Thumb Code     8  system_stm32f10x.o(i.SetSysClock)
    i.SetSysClockTo72                        0x08000e64   Section        0  system_stm32f10x.o(i.SetSysClockTo72)
    SetSysClockTo72                          0x08000e65   Thumb Code   214  system_stm32f10x.o(i.SetSysClockTo72)
    i.SysTick_CLKSourceConfig                0x08000f44   Section        0  misc.o(i.SysTick_CLKSourceConfig)
    i.SysTick_Handler                        0x08000f6c   Section        0  systick_interupt_light_led.o(i.SysTick_Handler)
    i.SystemInit                             0x08001090   Section        0  system_stm32f10x.o(i.SystemInit)
    i.TI1_Config                             0x080010f0   Section        0  stm32f10x_tim.o(i.TI1_Config)
    TI1_Config                               0x080010f1   Thumb Code   108  stm32f10x_tim.o(i.TI1_Config)
    i.TI2_Config                             0x08001170   Section        0  stm32f10x_tim.o(i.TI2_Config)
    TI2_Config                               0x08001171   Thumb Code   130  stm32f10x_tim.o(i.TI2_Config)
    i.TI3_Config                             0x08001208   Section        0  stm32f10x_tim.o(i.TI3_Config)
    TI3_Config                               0x08001209   Thumb Code   122  stm32f10x_tim.o(i.TI3_Config)
    i.TI4_Config                             0x08001298   Section        0  stm32f10x_tim.o(i.TI4_Config)
    TI4_Config                               0x08001299   Thumb Code   130  stm32f10x_tim.o(i.TI4_Config)
    i.TIM2_CH2_3_Init                        0x08001330   Section        0  hal_bdcmotorcontrol.o(i.TIM2_CH2_3_Init)
    i.TIM3_CH1_2_Init                        0x080013f0   Section        0  hal_encoder.o(i.TIM3_CH1_2_Init)
    i.TIM3_IRQHandler                        0x080014dc   Section        0  hal_encoder.o(i.TIM3_IRQHandler)
    i.TIM_ARRPreloadConfig                   0x0800151c   Section        0  stm32f10x_tim.o(i.TIM_ARRPreloadConfig)
    i.TIM_ClearITPendingBit                  0x08001534   Section        0  stm32f10x_tim.o(i.TIM_ClearITPendingBit)
    i.TIM_Cmd                                0x0800153a   Section        0  stm32f10x_tim.o(i.TIM_Cmd)
    i.TIM_GetCounter                         0x08001552   Section        0  stm32f10x_tim.o(i.TIM_GetCounter)
    i.TIM_GetITStatus                        0x08001558   Section        0  stm32f10x_tim.o(i.TIM_GetITStatus)
    i.TIM_ICInit                             0x0800157c   Section        0  stm32f10x_tim.o(i.TIM_ICInit)
    i.TIM_ITConfig                           0x08001628   Section        0  stm32f10x_tim.o(i.TIM_ITConfig)
    i.TIM_OC2Init                            0x0800163c   Section        0  stm32f10x_tim.o(i.TIM_OC2Init)
    i.TIM_OC2PreloadConfig                   0x080016e0   Section        0  stm32f10x_tim.o(i.TIM_OC2PreloadConfig)
    i.TIM_OC3Init                            0x080016fc   Section        0  stm32f10x_tim.o(i.TIM_OC3Init)
    i.TIM_OC3PreloadConfig                   0x0800179c   Section        0  stm32f10x_tim.o(i.TIM_OC3PreloadConfig)
    i.TIM_SetCompare2                        0x080017ae   Section        0  stm32f10x_tim.o(i.TIM_SetCompare2)
    i.TIM_SetCompare3                        0x080017b2   Section        0  stm32f10x_tim.o(i.TIM_SetCompare3)
    i.TIM_SetIC1Prescaler                    0x080017b6   Section        0  stm32f10x_tim.o(i.TIM_SetIC1Prescaler)
    i.TIM_SetIC2Prescaler                    0x080017c8   Section        0  stm32f10x_tim.o(i.TIM_SetIC2Prescaler)
    i.TIM_SetIC3Prescaler                    0x080017e2   Section        0  stm32f10x_tim.o(i.TIM_SetIC3Prescaler)
    i.TIM_SetIC4Prescaler                    0x080017f4   Section        0  stm32f10x_tim.o(i.TIM_SetIC4Prescaler)
    i.TIM_TimeBaseInit                       0x08001810   Section        0  stm32f10x_tim.o(i.TIM_TimeBaseInit)
    i.USART1_IRQHandler                      0x080018b4   Section        0  rs232.o(i.USART1_IRQHandler)
    i.USART1_Init                            0x080018f4   Section        0  rs232.o(i.USART1_Init)
    i.USART_ClearFlag                        0x080019a8   Section        0  stm32f10x_usart.o(i.USART_ClearFlag)
    i.USART_Cmd                              0x080019ba   Section        0  stm32f10x_usart.o(i.USART_Cmd)
    i.USART_GetITStatus                      0x080019d2   Section        0  stm32f10x_usart.o(i.USART_GetITStatus)
    i.USART_ITConfig                         0x08001a26   Section        0  stm32f10x_usart.o(i.USART_ITConfig)
    i.USART_Init                             0x08001a70   Section        0  stm32f10x_usart.o(i.USART_Init)
    i.USART_ReceiveData                      0x08001b48   Section        0  stm32f10x_usart.o(i.USART_ReceiveData)
    i.__ARM_fpclassify                       0x08001b52   Section        0  fpclassify.o(i.__ARM_fpclassify)
    i.__ieee754_rem_pio2                     0x08001b7c   Section        0  rred.o(i.__ieee754_rem_pio2)
    i.__kernel_cos                           0x08001f04   Section        0  cos_i.o(i.__kernel_cos)
    i.__kernel_poly                          0x08002000   Section        0  poly.o(i.__kernel_poly)
    i.__kernel_sin                           0x080020ac   Section        0  sin_i.o(i.__kernel_sin)
    i.__mathlib_dbl_infnan                   0x08002198   Section        0  dunder.o(i.__mathlib_dbl_infnan)
    i.__mathlib_dbl_invalid                  0x0800219e   Section        0  dunder.o(i.__mathlib_dbl_invalid)
    i.__mathlib_dbl_underflow                0x080021ac   Section        0  dunder.o(i.__mathlib_dbl_underflow)
    i.__scatterload_copy                     0x080021bc   Section       14  handlers.o(i.__scatterload_copy)
    i.__scatterload_null                     0x080021ca   Section        2  handlers.o(i.__scatterload_null)
    i.__scatterload_zeroinit                 0x080021cc   Section       14  handlers.o(i.__scatterload_zeroinit)
    i.__set_errno                            0x080021dc   Section        0  errno.o(i.__set_errno)
    i.enableBdcMotor                         0x080021e8   Section        0  hal_bdcmotorcontrol.o(i.enableBdcMotor)
    i.generate_RPM                           0x080021fc   Section        0  app_desired_rpm.o(i.generate_RPM)
    i.main                                   0x08002270   Section        0  main.o(i.main)
    i.setBdcMotorDutyCycle                   0x080022ac   Section        0  hal_bdcmotorcontrol.o(i.setBdcMotorDutyCycle)
    i.setBdcMotorFwd                         0x08002308   Section        0  hal_bdcmotorcontrol.o(i.setBdcMotorFwd)
    i.setBdcMotorRev                         0x0800233c   Section        0  hal_bdcmotorcontrol.o(i.setBdcMotorRev)
    i.sin                                    0x08002370   Section        0  sin.o(i.sin)
    .constdata                               0x08002410   Section       32  app_speedcontrol.o(.constdata)
    .constdata                               0x08002430   Section       48  cos_i.o(.constdata)
    C                                        0x08002430   Data          48  cos_i.o(.constdata)
    .constdata                               0x08002460   Section      200  rred.o(.constdata)
    pio2s                                    0x08002460   Data          48  rred.o(.constdata)
    twooverpi                                0x08002490   Data         152  rred.o(.constdata)
    .constdata                               0x08002528   Section       40  sin_i.o(.constdata)
    S                                        0x08002528   Data          40  sin_i.o(.constdata)
    .data                                    0x20000000   Section       20  stm32f10x_rcc.o(.data)
    APBAHBPrescTable                         0x20000000   Data          16  stm32f10x_rcc.o(.data)
    ADCPrescTable                            0x20000010   Data           4  stm32f10x_rcc.o(.data)
    .data                                    0x20000018   Section       20  systick_interupt_light_led.o(.data)
    light_flag                               0x20000020   Data           1  systick_interupt_light_led.o(.data)
    i                                        0x20000022   Data           2  systick_interupt_light_led.o(.data)
    pulse_number_1                           0x20000024   Data           4  systick_interupt_light_led.o(.data)
    pulse_number                             0x20000028   Data           4  systick_interupt_light_led.o(.data)
    .data                                    0x20000030   Section       16  rs232.o(.data)
    USART1_receive                           0x20000030   Data           1  rs232.o(.data)
    .data                                    0x20000040   Section        6  hal_bdcmotorcontrol.o(.data)
    HAL_BdcMotor_Is_Enabled                  0x20000040   Data           1  hal_bdcmotorcontrol.o(.data)
    HAL_BdcMotor_Fwd_CTL                     0x20000041   Data           1  hal_bdcmotorcontrol.o(.data)
    HAL_BdcMotor_Freq                        0x20000042   Data           2  hal_bdcmotorcontrol.o(.data)
    HAL_BdcMotor_Duty_Cycle                  0x20000044   Data           2  hal_bdcmotorcontrol.o(.data)
    .data                                    0x20000048   Section        4  hal_encoder.o(.data)
    .data                                    0x20000050   Section       48  app_speedcontrol.o(.data)
    A                                        0x20000050   Data           8  app_speedcontrol.o(.data)
    B                                        0x20000058   Data           8  app_speedcontrol.o(.data)
    C                                        0x20000060   Data           8  app_speedcontrol.o(.data)
    e_2                                      0x20000068   Data           8  app_speedcontrol.o(.data)
    e_1                                      0x20000070   Data           8  app_speedcontrol.o(.data)
    u_1                                      0x20000078   Data           8  app_speedcontrol.o(.data)
    .data                                    0x20000080   Section        4  app_desired_rpm.o(.data)
    t                                        0x20000080   Data           4  app_desired_rpm.o(.data)
    .data                                    0x20000084   Section        4  errno.o(.data)
    _errno                                   0x20000084   Data           4  errno.o(.data)
    STACK                                    0x20000088   Section     1024  startup_stm32f10x_md.o(STACK)

    Global Symbols

    Symbol Name                              Value     Ov Type        Size  Object(Section)

    BuildAttributes$$THM_ISAv4$P$D$K$B$S$PE$A:L22UL41UL21$X:L11$S22US41US21$IEEE1$IW$USESV6$~STKCKD$USESV7$~SHL$OTIME$ROPI$IEEEX$EBA8$MICROLIB$REQ8$PRES8$EABIv2 0x00000000   Number         0  anon$$obj.o ABSOLUTE
    __ARM_use_no_argv                        0x00000000   Number         0  main.o ABSOLUTE
    __cpp_initialize__aeabi_                  - Undefined Weak Reference
    __cxa_finalize                            - Undefined Weak Reference
    __decompress                              - Undefined Weak Reference
    _clock_init                               - Undefined Weak Reference
    _microlib_exit                            - Undefined Weak Reference
    __Vectors_Size                           0x000000ec   Number         0  startup_stm32f10x_md.o ABSOLUTE
    __Vectors                                0x08000000   Data           4  startup_stm32f10x_md.o(RESET)
    __Vectors_End                            0x080000ec   Data           0  startup_stm32f10x_md.o(RESET)
    __main                                   0x080000ed   Thumb Code     0  entry.o(.ARM.Collect$$$$00000000)
    _main_stk                                0x080000ed   Thumb Code     0  entry2.o(.ARM.Collect$$$$00000001)
    _main_scatterload                        0x080000f1   Thumb Code     0  entry5.o(.ARM.Collect$$$$00000004)
    __main_after_scatterload                 0x080000f5   Thumb Code     0  entry5.o(.ARM.Collect$$$$00000004)
    _main_clock                              0x080000f5   Thumb Code     0  entry7b.o(.ARM.Collect$$$$00000008)
    _main_cpp_init                           0x080000f5   Thumb Code     0  entry8b.o(.ARM.Collect$$$$0000000A)
    _main_init                               0x080000f5   Thumb Code     0  entry9a.o(.ARM.Collect$$$$0000000B)
    __rt_final_cpp                           0x080000fd   Thumb Code     0  entry10a.o(.ARM.Collect$$$$0000000D)
    __rt_final_exit                          0x080000fd   Thumb Code     0  entry11a.o(.ARM.Collect$$$$0000000F)
    Reset_Handler                            0x08000101   Thumb Code     8  startup_stm32f10x_md.o(.text)
    NMI_Handler                              0x08000109   Thumb Code     2  startup_stm32f10x_md.o(.text)
    HardFault_Handler                        0x0800010b   Thumb Code     2  startup_stm32f10x_md.o(.text)
    MemManage_Handler                        0x0800010d   Thumb Code     2  startup_stm32f10x_md.o(.text)
    BusFault_Handler                         0x0800010f   Thumb Code     2  startup_stm32f10x_md.o(.text)
    UsageFault_Handler                       0x08000111   Thumb Code     2  startup_stm32f10x_md.o(.text)
    SVC_Handler                              0x08000113   Thumb Code     2  startup_stm32f10x_md.o(.text)
    DebugMon_Handler                         0x08000115   Thumb Code     2  startup_stm32f10x_md.o(.text)
    PendSV_Handler                           0x08000117   Thumb Code     2  startup_stm32f10x_md.o(.text)
    ADC1_2_IRQHandler                        0x0800011b   Thumb Code     0  startup_stm32f10x_md.o(.text)
    CAN1_RX1_IRQHandler                      0x0800011b   Thumb Code     0  startup_stm32f10x_md.o(.text)
    CAN1_SCE_IRQHandler                      0x0800011b   Thumb Code     0  startup_stm32f10x_md.o(.text)
    DMA1_Channel1_IRQHandler                 0x0800011b   Thumb Code     0  startup_stm32f10x_md.o(.text)
    DMA1_Channel2_IRQHandler                 0x0800011b   Thumb Code     0  startup_stm32f10x_md.o(.text)
    DMA1_Channel3_IRQHandler                 0x0800011b   Thumb Code     0  startup_stm32f10x_md.o(.text)
    DMA1_Channel4_IRQHandler                 0x0800011b   Thumb Code     0  startup_stm32f10x_md.o(.text)
    DMA1_Channel5_IRQHandler                 0x0800011b   Thumb Code     0  startup_stm32f10x_md.o(.text)
    DMA1_Channel6_IRQHandler                 0x0800011b   Thumb Code     0  startup_stm32f10x_md.o(.text)
    DMA1_Channel7_IRQHandler                 0x0800011b   Thumb Code     0  startup_stm32f10x_md.o(.text)
    EXTI0_IRQHandler                         0x0800011b   Thumb Code     0  startup_stm32f10x_md.o(.text)
    EXTI15_10_IRQHandler                     0x0800011b   Thumb Code     0  startup_stm32f10x_md.o(.text)
    EXTI1_IRQHandler                         0x0800011b   Thumb Code     0  startup_stm32f10x_md.o(.text)
    EXTI2_IRQHandler                         0x0800011b   Thumb Code     0  startup_stm32f10x_md.o(.text)
    EXTI3_IRQHandler                         0x0800011b   Thumb Code     0  startup_stm32f10x_md.o(.text)
    EXTI4_IRQHandler                         0x0800011b   Thumb Code     0  startup_stm32f10x_md.o(.text)
    EXTI9_5_IRQHandler                       0x0800011b   Thumb Code     0  startup_stm32f10x_md.o(.text)
    FLASH_IRQHandler                         0x0800011b   Thumb Code     0  startup_stm32f10x_md.o(.text)
    I2C1_ER_IRQHandler                       0x0800011b   Thumb Code     0  startup_stm32f10x_md.o(.text)
    I2C1_EV_IRQHandler                       0x0800011b   Thumb Code     0  startup_stm32f10x_md.o(.text)
    I2C2_ER_IRQHandler                       0x0800011b   Thumb Code     0  startup_stm32f10x_md.o(.text)
    I2C2_EV_IRQHandler                       0x0800011b   Thumb Code     0  startup_stm32f10x_md.o(.text)
    PVD_IRQHandler                           0x0800011b   Thumb Code     0  startup_stm32f10x_md.o(.text)
    RCC_IRQHandler                           0x0800011b   Thumb Code     0  startup_stm32f10x_md.o(.text)
    RTCAlarm_IRQHandler                      0x0800011b   Thumb Code     0  startup_stm32f10x_md.o(.text)
    RTC_IRQHandler                           0x0800011b   Thumb Code     0  startup_stm32f10x_md.o(.text)
    SPI1_IRQHandler                          0x0800011b   Thumb Code     0  startup_stm32f10x_md.o(.text)
    SPI2_IRQHandler                          0x0800011b   Thumb Code     0  startup_stm32f10x_md.o(.text)
    TAMPER_IRQHandler                        0x0800011b   Thumb Code     0  startup_stm32f10x_md.o(.text)
    TIM1_BRK_IRQHandler                      0x0800011b   Thumb Code     0  startup_stm32f10x_md.o(.text)
    TIM1_CC_IRQHandler                       0x0800011b   Thumb Code     0  startup_stm32f10x_md.o(.text)
    TIM1_TRG_COM_IRQHandler                  0x0800011b   Thumb Code     0  startup_stm32f10x_md.o(.text)
    TIM1_UP_IRQHandler                       0x0800011b   Thumb Code     0  startup_stm32f10x_md.o(.text)
    TIM2_IRQHandler                          0x0800011b   Thumb Code     0  startup_stm32f10x_md.o(.text)
    TIM4_IRQHandler                          0x0800011b   Thumb Code     0  startup_stm32f10x_md.o(.text)
    USART2_IRQHandler                        0x0800011b   Thumb Code     0  startup_stm32f10x_md.o(.text)
    USART3_IRQHandler                        0x0800011b   Thumb Code     0  startup_stm32f10x_md.o(.text)
    USBWakeUp_IRQHandler                     0x0800011b   Thumb Code     0  startup_stm32f10x_md.o(.text)
    USB_HP_CAN1_TX_IRQHandler                0x0800011b   Thumb Code     0  startup_stm32f10x_md.o(.text)
    USB_LP_CAN1_RX0_IRQHandler               0x0800011b   Thumb Code     0  startup_stm32f10x_md.o(.text)
    WWDG_IRQHandler                          0x0800011b   Thumb Code     0  startup_stm32f10x_md.o(.text)
    __aeabi_fmul                             0x08000125   Thumb Code   100  fmul.o(.text)
    __aeabi_fdiv                             0x08000189   Thumb Code   124  fdiv.o(.text)
    __aeabi_dadd                             0x08000205   Thumb Code   322  dadd.o(.text)
    __aeabi_dsub                             0x08000347   Thumb Code     6  dadd.o(.text)
    __aeabi_drsub                            0x0800034d   Thumb Code     6  dadd.o(.text)
    __aeabi_dmul                             0x08000353   Thumb Code   228  dmul.o(.text)
    __aeabi_ddiv                             0x08000437   Thumb Code   222  ddiv.o(.text)
    __aeabi_i2f                              0x08000515   Thumb Code    18  fflti.o(.text)
    __aeabi_ui2f                             0x08000527   Thumb Code    10  ffltui.o(.text)
    __aeabi_i2d                              0x08000531   Thumb Code    34  dflti.o(.text)
    __aeabi_ui2d                             0x08000553   Thumb Code    26  dfltui.o(.text)
    __aeabi_f2uiz                            0x0800056d   Thumb Code    40  ffixui.o(.text)
    __aeabi_d2uiz                            0x08000595   Thumb Code    50  dfixui.o(.text)
    __aeabi_cdcmpeq                          0x080005c9   Thumb Code     0  cdcmple.o(.text)
    __aeabi_cdcmple                          0x080005c9   Thumb Code    48  cdcmple.o(.text)
    __aeabi_cdrcmple                         0x080005f9   Thumb Code    48  cdrcmple.o(.text)
    __aeabi_llsl                             0x08000629   Thumb Code    30  llshl.o(.text)
    _ll_shift_l                              0x08000629   Thumb Code     0  llshl.o(.text)
    __aeabi_llsr                             0x08000647   Thumb Code    32  llushr.o(.text)
    _ll_ushift_r                             0x08000647   Thumb Code     0  llushr.o(.text)
    __aeabi_lasr                             0x08000667   Thumb Code    36  llsshr.o(.text)
    _ll_sshift_r                             0x08000667   Thumb Code     0  llsshr.o(.text)
    __I$use$fp                               0x0800068b   Thumb Code     0  iusefp.o(.text)
    _float_round                             0x0800068b   Thumb Code    18  fepilogue.o(.text)
    _float_epilogue                          0x0800069d   Thumb Code    92  fepilogue.o(.text)
    _double_round                            0x080006f9   Thumb Code    30  depilogue.o(.text)
    _double_epilogue                         0x08000717   Thumb Code   156  depilogue.o(.text)
    __scatterload                            0x080007b5   Thumb Code    28  init.o(.text)
    __scatterload_rt2                        0x080007b5   Thumb Code     0  init.o(.text)
    __ARM_scalbn                             0x080007d9   Thumb Code    46  dscalb.o(.text)
    scalbn                                   0x080007d9   Thumb Code     0  dscalb.o(.text)
    __aeabi_d2iz                             0x08000807   Thumb Code    62  dfixi.o(.text)
    BdcSpeedControl                          0x08000845   Thumb Code   376  app_speedcontrol.o(i.BdcSpeedControl)
    GPIO_Init                                0x080009e5   Thumb Code   278  stm32f10x_gpio.o(i.GPIO_Init)
    GPIO_ResetBits                           0x08000afb   Thumb Code     4  stm32f10x_gpio.o(i.GPIO_ResetBits)
    GPIO_SetBits                             0x08000aff   Thumb Code     4  stm32f10x_gpio.o(i.GPIO_SetBits)
    LED_Init                                 0x08000b41   Thumb Code    46  systick_interupt_light_led.o(i.LED_Init)
    NVIC_Init                                0x08000b75   Thumb Code   100  misc.o(i.NVIC_Init)
    NVIC_PriorityGroupConfig                 0x08000be5   Thumb Code    10  misc.o(i.NVIC_PriorityGroupConfig)
    PID_Parameters_Init                      0x08000bf9   Thumb Code   224  app_speedcontrol.o(i.PID_Parameters_Init)
    RCC_APB1PeriphClockCmd                   0x08000ce9   Thumb Code    26  stm32f10x_rcc.o(i.RCC_APB1PeriphClockCmd)
    RCC_APB2PeriphClockCmd                   0x08000d09   Thumb Code    26  stm32f10x_rcc.o(i.RCC_APB2PeriphClockCmd)
    RCC_GetClocksFreq                        0x08000d29   Thumb Code   192  stm32f10x_rcc.o(i.RCC_GetClocksFreq)
    SYSTICK_Init                             0x08000dfd   Thumb Code    94  systick_interupt_light_led.o(i.SYSTICK_Init)
    SysTick_CLKSourceConfig                  0x08000f45   Thumb Code    40  misc.o(i.SysTick_CLKSourceConfig)
    SysTick_Handler                          0x08000f6d   Thumb Code   244  systick_interupt_light_led.o(i.SysTick_Handler)
    SystemInit                               0x08001091   Thumb Code    78  system_stm32f10x.o(i.SystemInit)
    TIM2_CH2_3_Init                          0x08001331   Thumb Code   178  hal_bdcmotorcontrol.o(i.TIM2_CH2_3_Init)
    TIM3_CH1_2_Init                          0x080013f1   Thumb Code   228  hal_encoder.o(i.TIM3_CH1_2_Init)
    TIM3_IRQHandler                          0x080014dd   Thumb Code    56  hal_encoder.o(i.TIM3_IRQHandler)
    TIM_ARRPreloadConfig                     0x0800151d   Thumb Code    24  stm32f10x_tim.o(i.TIM_ARRPreloadConfig)
    TIM_ClearITPendingBit                    0x08001535   Thumb Code     6  stm32f10x_tim.o(i.TIM_ClearITPendingBit)
    TIM_Cmd                                  0x0800153b   Thumb Code    24  stm32f10x_tim.o(i.TIM_Cmd)
    TIM_GetCounter                           0x08001553   Thumb Code     6  stm32f10x_tim.o(i.TIM_GetCounter)
    TIM_GetITStatus                          0x08001559   Thumb Code    34  stm32f10x_tim.o(i.TIM_GetITStatus)
    TIM_ICInit                               0x0800157d   Thumb Code   150  stm32f10x_tim.o(i.TIM_ICInit)
    TIM_ITConfig                             0x08001629   Thumb Code    18  stm32f10x_tim.o(i.TIM_ITConfig)
    TIM_OC2Init                              0x0800163d   Thumb Code   154  stm32f10x_tim.o(i.TIM_OC2Init)
    TIM_OC2PreloadConfig                     0x080016e1   Thumb Code    26  stm32f10x_tim.o(i.TIM_OC2PreloadConfig)
    TIM_OC3Init                              0x080016fd   Thumb Code   150  stm32f10x_tim.o(i.TIM_OC3Init)
    TIM_OC3PreloadConfig                     0x0800179d   Thumb Code    18  stm32f10x_tim.o(i.TIM_OC3PreloadConfig)
    TIM_SetCompare2                          0x080017af   Thumb Code     4  stm32f10x_tim.o(i.TIM_SetCompare2)
    TIM_SetCompare3                          0x080017b3   Thumb Code     4  stm32f10x_tim.o(i.TIM_SetCompare3)
    TIM_SetIC1Prescaler                      0x080017b7   Thumb Code    18  stm32f10x_tim.o(i.TIM_SetIC1Prescaler)
    TIM_SetIC2Prescaler                      0x080017c9   Thumb Code    26  stm32f10x_tim.o(i.TIM_SetIC2Prescaler)
    TIM_SetIC3Prescaler                      0x080017e3   Thumb Code    18  stm32f10x_tim.o(i.TIM_SetIC3Prescaler)
    TIM_SetIC4Prescaler                      0x080017f5   Thumb Code    26  stm32f10x_tim.o(i.TIM_SetIC4Prescaler)
    TIM_TimeBaseInit                         0x08001811   Thumb Code   122  stm32f10x_tim.o(i.TIM_TimeBaseInit)
    USART1_IRQHandler                        0x080018b5   Thumb Code    50  rs232.o(i.USART1_IRQHandler)
    USART1_Init                              0x080018f5   Thumb Code   170  rs232.o(i.USART1_Init)
    USART_ClearFlag                          0x080019a9   Thumb Code    18  stm32f10x_usart.o(i.USART_ClearFlag)
    USART_Cmd                                0x080019bb   Thumb Code    24  stm32f10x_usart.o(i.USART_Cmd)
    USART_GetITStatus                        0x080019d3   Thumb Code    84  stm32f10x_usart.o(i.USART_GetITStatus)
    USART_ITConfig                           0x08001a27   Thumb Code    74  stm32f10x_usart.o(i.USART_ITConfig)
    USART_Init                               0x08001a71   Thumb Code   210  stm32f10x_usart.o(i.USART_Init)
    USART_ReceiveData                        0x08001b49   Thumb Code    10  stm32f10x_usart.o(i.USART_ReceiveData)
    __ARM_fpclassify                         0x08001b53   Thumb Code    40  fpclassify.o(i.__ARM_fpclassify)
    __ieee754_rem_pio2                       0x08001b7d   Thumb Code   828  rred.o(i.__ieee754_rem_pio2)
    __kernel_cos                             0x08001f05   Thumb Code   230  cos_i.o(i.__kernel_cos)
    __kernel_poly                            0x08002001   Thumb Code   170  poly.o(i.__kernel_poly)
    __kernel_sin                             0x080020ad   Thumb Code   224  sin_i.o(i.__kernel_sin)
    __mathlib_dbl_infnan                     0x08002199   Thumb Code     6  dunder.o(i.__mathlib_dbl_infnan)
    __mathlib_dbl_invalid                    0x0800219f   Thumb Code    12  dunder.o(i.__mathlib_dbl_invalid)
    __mathlib_dbl_underflow                  0x080021ad   Thumb Code    10  dunder.o(i.__mathlib_dbl_underflow)
    __scatterload_copy                       0x080021bd   Thumb Code    14  handlers.o(i.__scatterload_copy)
    __scatterload_null                       0x080021cb   Thumb Code     2  handlers.o(i.__scatterload_null)
    __scatterload_zeroinit                   0x080021cd   Thumb Code    14  handlers.o(i.__scatterload_zeroinit)
    __set_errno                              0x080021dd   Thumb Code     6  errno.o(i.__set_errno)
    enableBdcMotor                           0x080021e9   Thumb Code    14  hal_bdcmotorcontrol.o(i.enableBdcMotor)
    generate_RPM                             0x080021fd   Thumb Code    90  app_desired_rpm.o(i.generate_RPM)
    main                                     0x08002271   Thumb Code    56  main.o(i.main)
    setBdcMotorDutyCycle                     0x080022ad   Thumb Code    74  hal_bdcmotorcontrol.o(i.setBdcMotorDutyCycle)
    setBdcMotorFwd                           0x08002309   Thumb Code    38  hal_bdcmotorcontrol.o(i.setBdcMotorFwd)
    setBdcMotorRev                           0x0800233d   Thumb Code    38  hal_bdcmotorcontrol.o(i.setBdcMotorRev)
    sin                                      0x08002371   Thumb Code   150  sin.o(i.sin)
    pid                                      0x08002410   Data          32  app_speedcontrol.o(.constdata)
    Region$$Table$$Base                      0x08002550   Number         0  anon$$obj.o(Region$$Table)
    Region$$Table$$Limit                     0x08002570   Number         0  anon$$obj.o(Region$$Table)
    rpm                                      0x20000018   Data           8  systick_interupt_light_led.o(.data)
    desired_rpm                              0x20000038   Data           8  rs232.o(.data)
    overflow_count                           0x20000048   Data           4  hal_encoder.o(.data)
    __initial_sp                             0x20000488   Data           0  startup_stm32f10x_md.o(STACK)



==============================================================================

Memory Map of the image

  Image Entry point : 0x080000ed

  Load Region LR_IROM1 (Base: 0x08000000, Size: 0x000025f8, Max: 0x00010000, ABSOLUTE)

    Execution Region ER_IROM1 (Base: 0x08000000, Size: 0x00002570, Max: 0x00010000, ABSOLUTE)

    Base Addr    Size         Type   Attr      Idx    E Section Name        Object

    0x08000000   0x000000ec   Data   RO          133    RESET               startup_stm32f10x_md.o
    0x080000ec   0x00000000   Code   RO         1578  * .ARM.Collect$$$$00000000  mc_w.l(entry.o)
    0x080000ec   0x00000004   Code   RO         1635    .ARM.Collect$$$$00000001  mc_w.l(entry2.o)
    0x080000f0   0x00000004   Code   RO         1638    .ARM.Collect$$$$00000004  mc_w.l(entry5.o)
    0x080000f4   0x00000000   Code   RO         1640    .ARM.Collect$$$$00000008  mc_w.l(entry7b.o)
    0x080000f4   0x00000000   Code   RO         1642    .ARM.Collect$$$$0000000A  mc_w.l(entry8b.o)
    0x080000f4   0x00000008   Code   RO         1643    .ARM.Collect$$$$0000000B  mc_w.l(entry9a.o)
    0x080000fc   0x00000000   Code   RO         1645    .ARM.Collect$$$$0000000D  mc_w.l(entry10a.o)
    0x080000fc   0x00000000   Code   RO         1647    .ARM.Collect$$$$0000000F  mc_w.l(entry11a.o)
    0x080000fc   0x00000004   Code   RO         1636    .ARM.Collect$$$$00002712  mc_w.l(entry2.o)
    0x08000100   0x00000024   Code   RO          134    .text               startup_stm32f10x_md.o
    0x08000124   0x00000064   Code   RO         1581    .text               mf_w.l(fmul.o)
    0x08000188   0x0000007c   Code   RO         1583    .text               mf_w.l(fdiv.o)
    0x08000204   0x0000014e   Code   RO         1585    .text               mf_w.l(dadd.o)
    0x08000352   0x000000e4   Code   RO         1587    .text               mf_w.l(dmul.o)
    0x08000436   0x000000de   Code   RO         1589    .text               mf_w.l(ddiv.o)
    0x08000514   0x00000012   Code   RO         1591    .text               mf_w.l(fflti.o)
    0x08000526   0x0000000a   Code   RO         1593    .text               mf_w.l(ffltui.o)
    0x08000530   0x00000022   Code   RO         1595    .text               mf_w.l(dflti.o)
    0x08000552   0x0000001a   Code   RO         1597    .text               mf_w.l(dfltui.o)
    0x0800056c   0x00000028   Code   RO         1599    .text               mf_w.l(ffixui.o)
    0x08000594   0x00000032   Code   RO         1601    .text               mf_w.l(dfixui.o)
    0x080005c6   0x00000002   PAD
    0x080005c8   0x00000030   Code   RO         1603    .text               mf_w.l(cdcmple.o)
    0x080005f8   0x00000030   Code   RO         1605    .text               mf_w.l(cdrcmple.o)
    0x08000628   0x0000001e   Code   RO         1649    .text               mc_w.l(llshl.o)
    0x08000646   0x00000020   Code   RO         1651    .text               mc_w.l(llushr.o)
    0x08000666   0x00000024   Code   RO         1653    .text               mc_w.l(llsshr.o)
    0x0800068a   0x00000000   Code   RO         1662    .text               mc_w.l(iusefp.o)
    0x0800068a   0x0000006e   Code   RO         1663    .text               mf_w.l(fepilogue.o)
    0x080006f8   0x000000ba   Code   RO         1665    .text               mf_w.l(depilogue.o)
    0x080007b2   0x00000002   PAD
    0x080007b4   0x00000024   Code   RO         1671    .text               mc_w.l(init.o)
    0x080007d8   0x0000002e   Code   RO         1673    .text               mf_w.l(dscalb.o)
    0x08000806   0x0000003e   Code   RO         1675    .text               mf_w.l(dfixi.o)
    0x08000844   0x000001a0   Code   RO         1528    i.BdcSpeedControl   app_speedcontrol.o
    0x080009e4   0x00000116   Code   RO          189    i.GPIO_Init         stm32f10x_gpio.o
    0x08000afa   0x00000004   Code   RO          196    i.GPIO_ResetBits    stm32f10x_gpio.o
    0x08000afe   0x00000004   Code   RO          197    i.GPIO_SetBits      stm32f10x_gpio.o
    0x08000b02   0x00000002   PAD
    0x08000b04   0x0000003c   Code   RO         1449    i.IOsetDutyCycle    hal_bdcmotorcontrol.o
    0x08000b40   0x00000034   Code   RO         1302    i.LED_Init          systick_interupt_light_led.o
    0x08000b74   0x00000070   Code   RO          529    i.NVIC_Init         misc.o
    0x08000be4   0x00000014   Code   RO          530    i.NVIC_PriorityGroupConfig  misc.o
    0x08000bf8   0x000000f0   Code   RO         1529    i.PID_Parameters_Init  app_speedcontrol.o
    0x08000ce8   0x00000020   Code   RO          328    i.RCC_APB1PeriphClockCmd  stm32f10x_rcc.o
    0x08000d08   0x00000020   Code   RO          330    i.RCC_APB2PeriphClockCmd  stm32f10x_rcc.o
    0x08000d28   0x000000d4   Code   RO          338    i.RCC_GetClocksFreq  stm32f10x_rcc.o
    0x08000dfc   0x0000005e   Code   RO         1303    i.SYSTICK_Init      systick_interupt_light_led.o
    0x08000e5a   0x00000008   Code   RO          149    i.SetSysClock       system_stm32f10x.o
    0x08000e62   0x00000002   PAD
    0x08000e64   0x000000e0   Code   RO          150    i.SetSysClockTo72   system_stm32f10x.o
    0x08000f44   0x00000028   Code   RO          533    i.SysTick_CLKSourceConfig  misc.o
    0x08000f6c   0x00000124   Code   RO         1304    i.SysTick_Handler   systick_interupt_light_led.o
    0x08001090   0x00000060   Code   RO          152    i.SystemInit        system_stm32f10x.o
    0x080010f0   0x00000080   Code   RO          751    i.TI1_Config        stm32f10x_tim.o
    0x08001170   0x00000098   Code   RO          752    i.TI2_Config        stm32f10x_tim.o
    0x08001208   0x00000090   Code   RO          753    i.TI3_Config        stm32f10x_tim.o
    0x08001298   0x00000098   Code   RO          754    i.TI4_Config        stm32f10x_tim.o
    0x08001330   0x000000c0   Code   RO         1450    i.TIM2_CH2_3_Init   hal_bdcmotorcontrol.o
    0x080013f0   0x000000ec   Code   RO         1504    i.TIM3_CH1_2_Init   hal_encoder.o
    0x080014dc   0x00000040   Code   RO         1505    i.TIM3_IRQHandler   hal_encoder.o
    0x0800151c   0x00000018   Code   RO          755    i.TIM_ARRPreloadConfig  stm32f10x_tim.o
    0x08001534   0x00000006   Code   RO          762    i.TIM_ClearITPendingBit  stm32f10x_tim.o
    0x0800153a   0x00000018   Code   RO          767    i.TIM_Cmd           stm32f10x_tim.o
    0x08001552   0x00000006   Code   RO          786    i.TIM_GetCounter    stm32f10x_tim.o
    0x08001558   0x00000022   Code   RO          788    i.TIM_GetITStatus   stm32f10x_tim.o
    0x0800157a   0x00000002   PAD
    0x0800157c   0x000000ac   Code   RO          790    i.TIM_ICInit        stm32f10x_tim.o
    0x08001628   0x00000012   Code   RO          792    i.TIM_ITConfig      stm32f10x_tim.o
    0x0800163a   0x00000002   PAD
    0x0800163c   0x000000a4   Code   RO          801    i.TIM_OC2Init       stm32f10x_tim.o
    0x080016e0   0x0000001a   Code   RO          804    i.TIM_OC2PreloadConfig  stm32f10x_tim.o
    0x080016fa   0x00000002   PAD
    0x080016fc   0x000000a0   Code   RO          806    i.TIM_OC3Init       stm32f10x_tim.o
    0x0800179c   0x00000012   Code   RO          809    i.TIM_OC3PreloadConfig  stm32f10x_tim.o
    0x080017ae   0x00000004   Code   RO          829    i.TIM_SetCompare2   stm32f10x_tim.o
    0x080017b2   0x00000004   Code   RO          830    i.TIM_SetCompare3   stm32f10x_tim.o
    0x080017b6   0x00000012   Code   RO          833    i.TIM_SetIC1Prescaler  stm32f10x_tim.o
    0x080017c8   0x0000001a   Code   RO          834    i.TIM_SetIC2Prescaler  stm32f10x_tim.o
    0x080017e2   0x00000012   Code   RO          835    i.TIM_SetIC3Prescaler  stm32f10x_tim.o
    0x080017f4   0x0000001a   Code   RO          836    i.TIM_SetIC4Prescaler  stm32f10x_tim.o
    0x0800180e   0x00000002   PAD
    0x08001810   0x000000a4   Code   RO          838    i.TIM_TimeBaseInit  stm32f10x_tim.o
    0x080018b4   0x00000040   Code   RO         1419    i.USART1_IRQHandler  rs232.o
    0x080018f4   0x000000b4   Code   RO         1420    i.USART1_Init       rs232.o
    0x080019a8   0x00000012   Code   RO          568    i.USART_ClearFlag   stm32f10x_usart.o
    0x080019ba   0x00000018   Code   RO          572    i.USART_Cmd         stm32f10x_usart.o
    0x080019d2   0x00000054   Code   RO          576    i.USART_GetITStatus  stm32f10x_usart.o
    0x08001a26   0x0000004a   Code   RO          578    i.USART_ITConfig    stm32f10x_usart.o
    0x08001a70   0x000000d8   Code   RO          579    i.USART_Init        stm32f10x_usart.o
    0x08001b48   0x0000000a   Code   RO          586    i.USART_ReceiveData  stm32f10x_usart.o
    0x08001b52   0x00000028   Code   RO         1667    i.__ARM_fpclassify  m_ws.l(fpclassify.o)
    0x08001b7a   0x00000002   PAD
    0x08001b7c   0x00000388   Code   RO         1624    i.__ieee754_rem_pio2  m_ws.l(rred.o)
    0x08001f04   0x000000fc   Code   RO         1607    i.__kernel_cos      m_ws.l(cos_i.o)
    0x08002000   0x000000aa   Code   RO         1669    i.__kernel_poly     m_ws.l(poly.o)
    0x080020aa   0x00000002   PAD
    0x080020ac   0x000000ec   Code   RO         1629    i.__kernel_sin      m_ws.l(sin_i.o)
    0x08002198   0x00000006   Code   RO         1611    i.__mathlib_dbl_infnan  m_ws.l(dunder.o)
    0x0800219e   0x0000000c   Code   RO         1613    i.__mathlib_dbl_invalid  m_ws.l(dunder.o)
    0x080021aa   0x00000002   PAD
    0x080021ac   0x00000010   Code   RO         1616    i.__mathlib_dbl_underflow  m_ws.l(dunder.o)
    0x080021bc   0x0000000e   Code   RO         1679    i.__scatterload_copy  mc_w.l(handlers.o)
    0x080021ca   0x00000002   Code   RO         1680    i.__scatterload_null  mc_w.l(handlers.o)
    0x080021cc   0x0000000e   Code   RO         1681    i.__scatterload_zeroinit  mc_w.l(handlers.o)
    0x080021da   0x00000002   PAD
    0x080021dc   0x0000000c   Code   RO         1657    i.__set_errno       mc_w.l(errno.o)
    0x080021e8   0x00000014   Code   RO         1452    i.enableBdcMotor    hal_bdcmotorcontrol.o
    0x080021fc   0x00000074   Code   RO         1557    i.generate_RPM      app_desired_rpm.o
    0x08002270   0x0000003c   Code   RO            1    i.main              main.o
    0x080022ac   0x0000005c   Code   RO         1453    i.setBdcMotorDutyCycle  hal_bdcmotorcontrol.o
    0x08002308   0x00000034   Code   RO         1455    i.setBdcMotorFwd    hal_bdcmotorcontrol.o
    0x0800233c   0x00000034   Code   RO         1456    i.setBdcMotorRev    hal_bdcmotorcontrol.o
    0x08002370   0x000000a0   Code   RO         1571    i.sin               m_ws.l(sin.o)
    0x08002410   0x00000020   Data   RO         1530    .constdata          app_speedcontrol.o
    0x08002430   0x00000030   Data   RO         1608    .constdata          m_ws.l(cos_i.o)
    0x08002460   0x000000c8   Data   RO         1626    .constdata          m_ws.l(rred.o)
    0x08002528   0x00000028   Data   RO         1630    .constdata          m_ws.l(sin_i.o)
    0x08002550   0x00000020   Data   RO         1677    Region$$Table       anon$$obj.o


    Execution Region RW_IRAM1 (Base: 0x20000000, Size: 0x00000488, Max: 0x00005000, ABSOLUTE)

    Base Addr    Size         Type   Attr      Idx    E Section Name        Object

    0x20000000   0x00000014   Data   RW          358    .data               stm32f10x_rcc.o
    0x20000014   0x00000004   PAD
    0x20000018   0x00000014   Data   RW         1305    .data               systick_interupt_light_led.o
    0x2000002c   0x00000004   PAD
    0x20000030   0x00000010   Data   RW         1422    .data               rs232.o
    0x20000040   0x00000006   Data   RW         1457    .data               hal_bdcmotorcontrol.o
    0x20000046   0x00000002   PAD
    0x20000048   0x00000004   Data   RW         1506    .data               hal_encoder.o
    0x2000004c   0x00000004   PAD
    0x20000050   0x00000030   Data   RW         1531    .data               app_speedcontrol.o
    0x20000080   0x00000004   Data   RW         1558    .data               app_desired_rpm.o
    0x20000084   0x00000004   Data   RW         1658    .data               mc_w.l(errno.o)
    0x20000088   0x00000400   Zero   RW          131    STACK               startup_stm32f10x_md.o


==============================================================================

Image component sizes


      Code (inc. data)   RO Data    RW Data    ZI Data      Debug   Object Name

       116         26          0          4          0        575   app_desired_rpm.o
       656         56         32         48          0       2554   app_speedcontrol.o
       468         72          0          6          0       3584   hal_bdcmotorcontrol.o
       300         16          0          4          0       1557   hal_encoder.o
        60          4          0          0          0      13743   main.o
       172         22          0          0          0       3881   misc.o
       244         24          0         16          0       1452   rs232.o
        36          8        236          0       1024        836   startup_stm32f10x_md.o
       286          0          0          0          0     213240   stm32f10x_gpio.o
       276         32          0         20          0      13342   stm32f10x_rcc.o
      1488        170          0          0          0      35149   stm32f10x_tim.o
       426          6          0          0          0      11804   stm32f10x_usart.o
       328         28          0          0          0       1897   system_stm32f10x.o
       438         54          0         20          0      39328   systick_interupt_light_led.o

    ----------------------------------------------------------------------
      5306        518        300        132       1024     342942   Object Totals
         0          0         32          0          0          0   (incl. Generated)
        12          0          0         14          0          0   (incl. Padding)

    ----------------------------------------------------------------------

      Code (inc. data)   RO Data    RW Data    ZI Data      Debug   Library Member Name

       252         22         48          0          0        124   cos_i.o
        34          6          0          0          0        204   dunder.o
        40          0          0          0          0         68   fpclassify.o
       170          0          0          0          0         96   poly.o
       904         76        200          0          0        140   rred.o
       160         10          0          0          0        108   sin.o
       236         12         40          0          0        128   sin_i.o
         0          0          0          0          0          0   entry.o
         0          0          0          0          0          0   entry10a.o
         0          0          0          0          0          0   entry11a.o
         8          4          0          0          0          0   entry2.o
         4          0          0          0          0          0   entry5.o
         0          0          0          0          0          0   entry7b.o
         0          0          0          0          0          0   entry8b.o
         8          4          0          0          0          0   entry9a.o
        12          6          0          4          0         68   errno.o
        30          0          0          0          0          0   handlers.o
        36          8          0          0          0         68   init.o
         0          0          0          0          0          0   iusefp.o
        30          0          0          0          0         68   llshl.o
        36          0          0          0          0         68   llsshr.o
        32          0          0          0          0         68   llushr.o
        48          0          0          0          0         68   cdcmple.o
        48          0          0          0          0         68   cdrcmple.o
       334          0          0          0          0        148   dadd.o
       222          0          0          0          0        100   ddiv.o
       186          0          0          0          0        176   depilogue.o
        62          0          0          0          0         80   dfixi.o
        50          0          0          0          0         76   dfixui.o
        34          0          0          0          0         76   dflti.o
        26          0          0          0          0         76   dfltui.o
       228          0          0          0          0         96   dmul.o
        46          0          0          0          0         80   dscalb.o
       124          0          0          0          0         88   fdiv.o
       110          0          0          0          0        168   fepilogue.o
        40          0          0          0          0         68   ffixui.o
        18          0          0          0          0         68   fflti.o
        10          0          0          0          0         68   ffltui.o
       100          0          0          0          0         76   fmul.o

    ----------------------------------------------------------------------
      3690        148        288          4          0       2788   Library Totals
        12          0          0          0          0          0   (incl. Padding)

    ----------------------------------------------------------------------

      Code (inc. data)   RO Data    RW Data    ZI Data      Debug   Library Name

      1796        126        288          0          0        868   m_ws.l
       196         22          0          4          0        340   mc_w.l
      1686          0          0          0          0       1580   mf_w.l

    ----------------------------------------------------------------------
      3690        148        288          4          0       2788   Library Totals

    ----------------------------------------------------------------------

==============================================================================


      Code (inc. data)   RO Data    RW Data    ZI Data      Debug   

      8996        666        588        136       1024     341514   Grand Totals
      8996        666        588        136       1024     341514   ELF Image Totals
      8996        666        588        136          0          0   ROM Totals

==============================================================================

    Total RO  Size (Code + RO Data)                 9584 (   9.36kB)
    Total RW  Size (RW Data + ZI Data)              1160 (   1.13kB)
    Total ROM Size (Code + RO Data + RW Data)       9720 (   9.49kB)

==============================================================================

